[    0.000000] Linux version 4.15.0-58-generic (buildd@lcy1-am64-013) (g version 7.4.0 (Ubuntu 7.4.0-1ubuntu1~18.04.1)) 64-Uuntu SMP Tue Aug 1112::41 UC 209 (Ubuntu4.15.0-5.64-generic 4.15.18)
[   0.00000] ommad line: BOOT_IMAGE=/boot/vmlinuz-4.15.0-58-generic root=UUID=8cbe577e-242c-455a-8346-f3922fd023f9 ro console=ty1 console=ttyS0
[    0.000000] KERNEL supported cpus:
[    0.000000]   Intel GenuineIntel
[    0.000000]   AMD AuthenticAMD
[    0.000000]   Centaur CentaurHauls
[    0.000000] x86/fpu: Supporting XSAVE feature 0x001: 'x87 floating point registers'
[    0.000000] x86/fpu: Supporting XSAVE feature 0x002: 'SSE registers'
[    0.000000] x86/fpu: Supporting XSAVE feature 0x004: 'AVX registers'
[    0.000000] x86/fpu: xstate_offset[2]:  576, xstate_sizes[2]:  256
[    0.000000] x86/fpu: Enabled xstate features 0x7, context size is 832 bytes, using 'standard' format.
[    0.000000] e820: BIOS-provided physical RAM map:
[    0.000000] BIOS-e820: [mem 0x0000000000000000-0x000000000009fbff] usable
[    0.000000] BIOS-e820: mem 0x000000000009fc00-0x000000000009ffff] reserved
[    0.000000] BIOS-e820: [mem 0x00000000000f0000-0x00000000000fffff] reserved
[    0.000000] BIOS-e820: [mem 0x0000000000100000-0x000000003ffeffff] usable
[    0.000000] BIOS-e820: [mem 0x000000003fff0000-0x000000003fffffff] ACPI data
[    0.000000] BIOS-e820: [mem 0x00000000fec00000-0x000000000fec00fff] reserved
[    0.000000] BIOS-e820: [mem 0x00000000fee00000-0x00000000fee00fff] reserved
[    0.000000] BIOS-e820: [mem 0x00000000fffc0000-0x00000000ffffffff] reserved
[    0.000000] NX (Execute Disable) protection: active
[    0.000000] SMBIS 2.5 present.
[    0.000000] DMI: innotek GmbH VirtualBox/VirtualBox, BIOS VirtualBox 12/01/2006
[    0.000000] Hypervisor detected: KVM
[    0.000000] e820: last_pfn = 0x3fff0 max_arch_pfn = 0x400000000
[    0.000000] MTRR: Disabled
[    0.000000] x86/PAT: MTRRs disabled, skipping PAT initialization too.
[    0.000000] CPU MTRRs all blank - virtualized system.
[    0.000000] x86/PAT: Configuration [0-7]: WB  WT  UC- UC  WB  WT  UC- U  
[    0.000000] found SMP MP-table at [mem 0x0009fff0-0x0009ffff] mapped at [        (ptrval)]
[    0.000000] Scanning 1 areas for low memory corruption
[    0.000000] RAMDISK: [mem 0x35985000-0x36cb9fff]
[    0.000000] ACPI: Early table checksum verification disabled
[    0.000000] ACPI: RSDP 0x00000000000E0000 000024 (v02 VBOX  )
[    0.000000] ACPI: XSDT 0x000000003FFF0030 00003C (v01 VBOX   VBOXXSDT 00000001 ASL  00000061)
[    0.000000] ACPI: FACP 0x000000003FFF00F0 0000F4 (v04 VBOX   VBOXFACP 00000001 ASL  00000061)
[    0.000000] ACPI: DSDT 0x000000003FFF0470 0021FF (v02 VBOX   VBOXBIOS 00000002 INTL 201028)
[    0.000000] ACPI: FACS 0x000000003FFF0200 000040
[    0.000000] ACPI: FACS 0x000000003FFF0200 000040
[    0.000000] ACPI: APIC 0x000000003FFF02400005C (v02 VBOX   VBOXAPIC 00000001 ASL  00000061)
[    0.000000] ACI: SDT 0x00000000FFF02A0 0001CC (v01 VBOX   VBOXCPUT 00000002 INTL 20100528)
[    0.000000] No NUA configuration found
[    0.000000] Faking a node at [mem 0x0000000000000000-0x000000003ffeffff]
[    0.000000] NDE_DATA(0) aloated [mem 0x3ffc5000-0x3ffeffff]
[    0.0000] km-clock: cp 0 msr 0:3f4401, primay cpuclock
    0.000000] kvmcloc: sing msrs 4b564d0 ad 4b56400
[    0.000000] kvm-clock: using sched offset of 7183281037 cycles
[    0.000000] clocksource: kvm-clock: mask: 0xffffffffffffffff mx_cycles: 0x1cd42e4dffb, max_idle_ns: 881590591483 ns
[    0.000000] Zone ranges
[    0.000000]   MA     [mem 0x000000000000000-0x0000000000ffffff]
[    0.00000]   DA3    [mem 0x000000001000000-x000000003ffeffff]
[    0.000000]   Normal   empty
[    0.000000]   Device   empy
[    0.000000] Movable zone start for each node
[    0.000000] Early memory node ranges
[    0.000000]   node   0: [mem 0x0000000000001000-0x000000000009efff]
[    0.000000]   node   0: [mem 0x0000000000100000-0x000000003ffeffff]
[    0.000000] Reserved but unavailable: 98 pages
   0.00000 Initmem setup noe 0 mem 0x0000000000100-0000000003feffff]
[    0.000000] ACPI: PM-Timer IO Port: 0x408
[   0.00000] IOAPIC[0]: apic_id 2vesiion 3, ddress0xfe00000, GS 0-23
[    0.000000] ACPI: INT_SRC_OVR (bus 0bu_irq0 global_irq 2 dfl dfl)
[    0.000000] ACPI: INT_SRC_OVR (bus 0 bus_irq 9 global_irq 9 low level)
[    0.000000] Using ACPI (MADT) for SMP configuration information
[    0.000000] smpboot: Allowing 2 CPUs,0 hoplug CPUs
[    0.000000] PM: Registered nosave memory: [mem 0x00000000-0x00000fff]
[    0.000000] PM:Registered nosave memory: [mem 0x0009f000-0x0009ffff]
[    0.000000] PM: Registered nosav memor: mem 0x000a0000-000effff]
[    0.000000] PM: Registered nosave memory: [mem 0x000f0000-0x000fffff]
[    0.000000] e820: [mem 0x40000000-0xfebfffff] available for PCI devices
[    0.000000] Booting paravirtualized kernel on KVM
[    0.000000] clocksource: refined-jiffies: mask: 0xffffffff max_cycles: 0xffffffff, max_idle_ns: 7645519600211568 ns
[    0.000000] random: get_random_bytes called from start_kernel+0x99/0x4fd with crng_init=0
[    0.000000] setup_percpu: NR_CPUS:8192 nr_cpumask_bits:2 nr_cpu_ids:2 nr_node_ids:1
[    0.000000] percpu: Embedded 46 pages/cpu @        (ptrval) s151552 r8192 d28672 u1048576
[    0.000000] PV qspinlock hash table entries: 256 (order: 0, 4096 bytes)
[    0.000000] Built 1 zonelists, mobility grouping on.  Total pages: 257913
[    0.000000] Policy zone: MA2
[   .00000] Kenel command line: BOOT_IMAGE=/oot/vmlnuz-4.15.0-8-generic root=UUID=8cbe577e-242c-455a-8346-392fd023f9 ro console=tty1 console=ttyS0
[    0.000000] Memory: 982928K/1048120K available (12300K kernel code, 2478K rwata, 4280K rodata, 2424K ini 2384K bss, 65192K reserved, 0K cma-reserved)
[    0.000000] SLUB: HWalign=64, Order=0-3, MinObjects=0, CPUs=2Nodes=1
[    0.000000] Kernel/User page tablessolation: enabled
[    0.000000] ftrace: allocating 39243 entries in 154 pages
[    0.004000] Hierarchical RCU implementation.
[    0.004000] 	RCUrestictin CPU from NR_CPUS8192 to nr_cpu_ids=2.
[    0.004000] 	Tasks RCU enabled.
[    0.004000] RCU: Adjusting geometry for rcu_fanout_leaf=16, nr_cpu_ids=2
[    0.004000] NR_IRQS: 524544, nr_irqs: 440, preallocated irqs: 16
[    0.004000] Console: colour VGA+ 80x25
[    0.004000] console [tty1] enabled
[    0.004000] console [tyS] enabled
    0004000ACPI: Coe reision 20170831
[   0.004000] ACP 2 ACPI AML tables sucessfully acquired and loaded
[    0.004000] APIC: Swtch to symmetric I/O mode setup
[    0.004526] x2apic enabled
[    0.008012] Switched APIC routing to physical x2apic.
[    0.014059] ..TIMER: vector=0x30 apic1=0 pin1=2 apic2=-1 pin2=-1
[    0.016009] tsc: Detected 1200.000 MHz processor
[    0.020016] Calibrating delay loop (skipped) preset value.. 2400.00 BogoMIPS (lpj=4800000)
[    0.024011] pid_max: default: 32768 minimum: 301
[    0.028089] Security Framework initialized
[    0.032010] Yama: becoming mindful.
[    0.033638] AppArmor: AppArmor initialized
[    0.038293] Dentry cache hash table entries: 131072 (order: 8, 1048576 bytes)
[    0.040105] Inode-cache hash table entries: 65536 (order: 7, 524288 bytes)
[    0.043124] Mount-cache hash table entries: 2048 (order: 2, 16384 bytes)
[    0.044022] Mountpoint-cache hash table entries: 2048 (order: 2, 16384 bytes)
[    0.048400] mce: CPU supports 0 MCE banks
[    0.050038] Last level iTLB entries: 4KB 64, 2MB 8, 4MB 8
[    0.052007] Last level dTLB entries: 4KB 64, 2MB 0, 4MB 0, 1GB 4
[    0.056007] Spectre V1 : Mitigation: usercopy/swapgs barriers and __user pointer sanitization
[    0.060007] Spectre V2 : Mitigation: Full generic retpoline
[    0.064007] Spectre V2 : Spectre v2 / SpectreRSB mitigation: Filling RSB on context switch
[    0.068006] Speculative Store Bypass: Vulnerable
[    0.069553] MDS: Vulnerable: Clear CPU buffers attempted, no microcode
[    0.072096] Freeing SMP alternatives memory: 36K
[    0.080000] smpboot: CPU0: Intel(R) Core(TM) m3-7Y32 CPU @ 1.10GHz (family: 0x6, model: 0x8e, stepping: 0x9)
[    0.080104] Performance Events: unsupported p6 CPU model 142 no PMU driver, software events only.
[    0.084078] Hierarchical SRCU implementation.
[    0.088618] NMI watchdog: Perf event create on CPU 0 failed with -2
[    0.092014] NMI watchdog: Perf NMI watchdog permanently disabled
[    0.096081] smp: Bringing up secondary CPUs ...
[    0.097623] x86: Booting SMP configuration:
[    0.100004] .... node  #0, CPUs:      #1
[    0.004000] kvm-clock: cpu 1, msr 0:3ff44041, secondary cpu clock
[    0.004000] mce: CPU supports 0 MCE banks
[    0.120078] smp: Brought up 1 node, 2 CPUs
[    0.124012] smpboot: Max logical packages: 1
[    0.128008] smpboot: Total of 2 processors activated (4800.00 BogoMIPS)
[    0.132145] devtmpfs: initialized
[    0.136082] x86/mm: Memory block size: 128MB
[    0.140159] evm: security.selinux
[    0.144009] evm: security.SMACK64
[    0.148007] evm: security.SMACK64EXEC
[    0.152005] evm: security.SMACK64TRANSMUTE
[    0.153345] evm: security.SMACK64MMAP
[    0.154551] evm: security.apparmor
[    0.156010] evm: security.ima
[    0.160005] evm: security.capability
[    0.164127] clocksource: jiffies: mask: 0xffffffff max_cycles: 0xffffffff, max_idle_ns: 7645041785100000 ns
[    0.168019] futex hash table entries: 512 (order: 3, 32768 bytes)
[    0.172229] pinctrl core: initialized pinctrl subsystem
[    0.177823] RTC time:  5:50:47, date: 08/21/19
[    0.180264] NET: Registered protocol family 16
[    0.184100] audit: initializing netlink subsys (disabled)
[    0.188118] audit: type=2000 audit(1566366651.074:1): state=initialized audit_enabled=0 res=1
[    0.232029] cpuidle: using governor ladder
[    0.234589] cpuidle: using governor menu
[    0.235927] ACPI: bus type PCI registered
[    0.236012] acpiphp: ACPI Hot Plug PCI Controller Driver version: 0.5
[    0.240145] PCI: Using configuration type 1 for base access
[    0.248082] HugeTLB registered 2.00 MiB page size, pre-allocated 0 pages
[    0.256132] ACPI: Added _OSI(Module Device)
[    0.260012] ACPI: Added _OSI(Processor Device)
[    0.264011] ACPI: Added _OSI(3.0 _SCP Extensions)
[    0.268011] ACPI: Added _OSI(Processor Aggregator Device)
[    0.272009] ACPI: Added _OSI(Linux-Dell-Video)
[    0.273626] ACPI: Added _OSI(Linux-Lenovo-NV-HDMI-Audio)
[    0.276003] ACPI: Added _OSI(Linux-HPI-Hybrid-Graphics)
[    0.280475] ACPI: Executed 1 blocks of module-level executable AML code
[    0.289824] ACPI: Interpreter enabled
[    0.292018] ACPI: (supports S0 S5)
[    0.296004] ACPI: Using IOAPIC for interrupt routing
[    0.297837] PCI: Using host bridge windows from ACPI; if necessary, use "pci=nocrs" and report a bug
[    0.300265] ACPI: Enabled 2 GPEs in block 00 to 07
[    0.315875] ACPI: PCI Root Bridge [PCI0] (domain 0000 [bus 00-ff])
[    0.316021] acpi PNP0A03:00: _OSC: OS supports [ASPM ClockPM Segments MSI]
[    0.320051] acpi PNP0A03:00: _OSC: not requesting OS control; OS requires [ExtendedConfig ASPM ClockPM MSI]
[    0.324026] acpi PNP0A03:00: fail to add MMCONFIG information, can't access extended PCI configuration space under this bridge.
[    0.329135] PCI host bridge to bus 0000:00
[    0.332009] pci_bus 0000:00: root bus resource [io  0x0000-0x0cf7 window]
[    0.336011] pci_bus 0000:00: root bus resource [io  0x0d00-0xffff window]
[    0.340006] pci_bus 0000:00: root bus resource [mem 0x000a0000-0x000bffff window]
[    0.344010] pci_bus 0000:00: root bus resource [mem 0x40000000-0xfdffffff window]
[    0.348013] pci_bus 0000:00: root bus resource [bus 00-ff]
[    0.373972] pci 0000:00:01.1: legacy IDE quirk: reg 0x10: [io  0x01f0-0x01f7]
[    0.376014] pci 0000:00:01.1: legacy IDE quirk: reg 0x14: [io  0x03f6]
[    0.380194] pci 0000:00:01.1: legacy IDE quirk: reg 0x18: [io  0x0170-0x0177]
[    0.384014] pci 0000:00:01.1: legacy IDE quirk: reg 0x1c: [io  0x0376]
[    0.431621] pci 0000:00:07.0: quirk: [io  0x4000-0x403f] claimed by PIIX4 ACPI
[    0.432033] pci 0000:00:07.0: quirk: [io  0x4100-0x410f] claimed by PIIX4 SMB
[    0.456140] ACPI: PCI Interrupt Link [LNKA] (IRQs 5 9 10 *11)
[    0.461077] ACPI: PCI Interrupt Link [LNKB] (IRQs 5 9 *10 11)
[    0.468471] ACPI: PCI Interrupt Link [LNKC] (IRQs 5 *9 10 11)
[    0.472268] ACPI: PCI Interrupt Link [LNKD] (IRQs 5 9 10 *11)
[    0.480110] SCSI subsystem initialized
[    0.484100] pci 0000:00:02.0: vgaarb: setting as boot VGA device
[    0.488000] pci 0000:00:02.0: vgaarb: VGA device added: decodes=io+mem,owns=io+mem,locks=none
[    0.488017] pci 0000:00:02.0: vgaarb: bridge control possible
[    0.492007] vgaarb: loaded
[    0.496082] ACPI: bus type USB registered
[    0.500047] usbcore: registered new interface driver usbfs
[    0.504034] usbcore: registered new interface driver hub
[    0.507334] usbcore: registered new device driver usb
[    0.508112] EDAC MC: Ver: 3.0.0
[    0.512105] PCI: Using ACPI for IRQ routing
[    0.516457] NetLabel: Initializing
[    0.520003] NetLabel:  domain hash size = 128
[    0.524005] NetLabel:  protocols = UNLABELED CIPSOv4 CALIPSO
[    0.528030] NetLabel:  unlabeled traffic allowed by default
[    0.532141] clocksource: Switched to clocksource kvm-clock
[    0.5760 VFS: Dik quots quot6..0
[    0.797360] VFS: Dquot-cche hash able entries: 512 (order 0, 4096 bes)
   0.911231] pArmor AppArmor Filesystem Enabled
[    1.067508] pnp: PnP ACPIinit
[   .1267]pnp: nP ACPI: found 3 devices

[    1.272386] clocksource: acpi_pm: mas: 0xffffff max_cycles: 0xffffff, max_idle_ns 2085701024 ns
   13534] NET: Registereprtoco fmiy 
[    1.661573] TCP stablshd hash able nties: 8192 (order: 4, 6556 bte)

[    1.916732] TCP bindhash table entries: 8192 (order: 5, 131072 bytes)
[    .93122 TCP: Hash tables configured (established 8192 bind 8192)
[    2.034095] UDP hash table etres 512 (ordr:2,1684byes
[    2.304865] UDP-Lite hash table ntries: 512 (rder2, 16384 bytes)
[   2.448209] NET: Registered protocol family 1
[   2.49825] pci 000:00:000: Limiting direct PCI/PI trnser
[    2.740359]pci 000000:01.0:Activating ISA DMA hang workarounds
[   2.862653] pci 000:00:0.0: ido deice wih haowd ROM at [mem 0x000c0000-0x000dffff]

[    3.139109] Unpacking initramfs...
[    4.327510] Freeing initrd memory: 19668K
[    4.335535] clocksource: tsc: mask: 0xffffffffffffffff max_cycles: 0x114c1bbbeec, max_idle_ns: 440795229572 ns
[    4.348020] platform rtc_cmos: registered platform RTC device (no PNP device found)
[    4.351924] Scanning for low memory corruption every 60 seconds
[    4.361716] Initialise system trusted keyrings
[    4.367215] Key type blacklist registered
[    4.369460] workingset: timestamp_bits=36 max_order=18 bucket_order=0
[    4.374481] zbud: loaded
[    4.378624] squashfs: version 4.0 (2009/01/31) Phillip Lougher
[    4.390948] fuse init (API version 7.26)
[    4.415611] Key type asymmetric registered
[    4.424356] Asymmetric key parser 'x509' registered
[    4.432230] Block layer SCSI generic (bsg) driver version 0.4 loaded (major 246)
[    4.446903] io scheduler noop registered
[    4.451363] io scheduler deadline registered
[    4.456316] io scheduler cfq registered (default)
[    4.459194] ACPI: AC Adapter [AC] (on-line)
[    4.477185] input: Power Button as /devices/LNXSYSTM:00/LNXPWRBN:00/input/input0
[    4.484718] ACPI: Power Button [PWRF]
[    4.490251] input: Sleep Button as /devices/LNXSYSTM:00/LNXSLPBN:00/input/input1
[    4.502636] ACPI: Sleep Button [SLPF]
[    4.510421] ACPI: Battery Slot [BAT0] (battery present)
[    4.519896] Serial: 8250/16550 driver, 32 ports, IRQ sharing enabled
[    4.562061] 00:02: ttyS0 at I/O 0x3f8 (irq = 4, base_baud = 115200) is a 16550A
[    4.575569] Linux agpgart interface v0.103
[    4.599008] loop: module loaded
[    4.604209] scsi host0: ata_piix
[    4.607658] scsi host1: ata_piix
[    4.616085] ata1: PATA max UDMA/33 cmd 0x1f0 ctl 0x3f6 bmdma 0xd000 irq 14
[    4.636970] ata2: PATA max UDMA/33 cmd 0x170 ctl 0x376 bmdma 0xd008 irq 15
[    4.650464] libphy: Fixed MDIO Bus: probed
[    4.652275] tun: Universal TUN/TAP device driver, 1.6
[    4.656563] PPP generic driver version 2.4.2
[    4.658130] ehci_hcd: USB 2.0 'Enhanced' Host Controller (EHCI) Driver
[    4.660016] ehci-pci: EHCI PCI platform driver
[    4.661547] ehci-platform: EHCI generic platform driver
[    4.672939] ohci_hcd: USB 1.1 'Open' Host Controller (OHCI) Driver
[    4.682047] ohci-pci: OHCI PCI platform driver
[    4.685869] ohci-platform: OHCI generic platform driver
[    4.692119] uhci_hcd: USB Universal Host Controller Interface driver
[    4.728041] i8042: PNP: PS/2 Controller [PNP0303:PS2K,PNP0f03:PS2M] at 0x60,0x64 irq 1,12
[    4.757896] serio: i8042 KBD port at 0x60,0x64 irq 1
[    4.766709] serio: i8042 AUX port at 0x60,0x64 irq 12
[    4.789972] mousedev: PS/2 mouse device common for all mice
[    4.805822] input: AT Translated Set 2 keyboard as /devices/platform/i8042/serio0/input/input2
[    4.848306] rtc_cmos rtc_cmos: rtc core: registered rtc_cmos as rtc0
[    4.856184] rtc_cmos rtc_cmo: alarms up to one day, 114 bytes nvram

[    4.91535] i2c /dev entries driver
[    4.941617] deice-mapper: uevent: version 1.0.3

[    4.982056] device-mapper: ioctl: 4.37.0-ioctl (2017-09-20) initialised: dm-devel@redhat.com
[    4.993727] ledtrig-cpu: registered to indicate activity on CPUs
[    5.050536] NET: Registered protocol family 10
[    5.076344] Segment Routing with IPv6
[    5.077776] NET: Registered protocol family 17
[    5.080007] Key type dns_resolver registered
[    5.082320] RAS: Correctable Errors collector initialized.
[    5.084118] sched_clock: Marking stable (5082264176, 0)->(10394382623, -5312118447)
[    5.089886] registered taskstats version 1
[    5.091911] Loading compiled-in X.509 certificates
[    5.101903] Loaded X.509 cert 'Build time autogenerated kernel key: e343dd3e31c9820cf0adf0156bc2eecdcfc394af'
[    5.112917] zswap: loaded using pool lzo/zbud
[    5.124644] Key type big_key registered
[    5.127299] Key type trusted registered
[    5.133176] Key type encrypted registered
[    5.142602] AppArmor: AppArmor sha1 policy hashing enabled
[    5.146055] ima: No TPM chip found, activating TPM-bypass! (rc=-19)
[    5.149562] ima: Allocated hash algorithm: sha1
[    5.153616] evm: HMAC attrs: 0x1
[    5.158588]   Magic number: 15:904:820
[    5.161382] rtc_cmos rtc_cmos: setting system clock to 2019-08-21 05:50:52 UTC (1566366652)
[    5.166460] BIOS EDD facility v0.16 2004-Jun-25, 0 devices found
[    5.182072] EDD information not available.
[    5.187612] Freeing unused kernel image memory: 2424K
[    5.207099] Write protecting the kernel read-only data: 20480k
[    5.390734] Freeing unused kernel image memory: 2008K
[    5.407600] Freeing unused kernel image memory: 1864K
[    5.427882] x86/mm: Checked W+X mappings: passed, no W+X pages found.
[    5.454479] x86/mm: Checking user space page tables
[    5.498688] x86/mm: Checked W+X mappings: passed, no W+X pages found.
Loading, please wait...
starting version 237
[    5.611586] e1000: Intel(R) PRO/1000 Network Driver - version 7.3.21-k8-NAPI
[    5.624148] e1000: Copyright (c) 1999-2006 Intel Corporation.
[    5.633612] Fusion MPT base driver 3.04.20
[    5.641369] Copyright (c) 1999-2008 LSI Corporation
[    5.660059] AVX2 version of gcm_enc/dec engaged.
[    5.663416] AES CTR mode by8 optimization enabled
[    5.668419] Fusion MPT SPI Host driver 3.04.20
[    5.845785] input: ImExPS/2 Generic Explorer Mouse as /devices/platform/i8042/serio1/input/input4
[    6.125529] e1000 0000:00:03.0 eth0: (PCI:33MHz:32-bit) 02:d3:40:fa:08:af
[    6.139755] e1000 0000:00:03.0 eth0: Intel(R) PRO/1000 Network Connection
[    6.663320] e1000 0000:00:08.0 eth1: (PCI:33MHz:32-bit) 08:00:27:3b:a8:d2
[    6.698631] e1000 0000:00:08.0 eth1: Intel(R) PRO/1000 Network Connection
[    6.702440] e1000 0000:00:03.0 enp0s3: renamed from eth0
[    6.705098] mptbase: ioc0: Initiating bringup
[    6.756979] e1000 0000:00:08.0 enp0s8: renamed from eth1
[    7.198178] ioc0: LSI53C1030 A0: Capabilities={Initiator}
[    8.101595] scsi host2: ioc0: LSI53C1030 A0, FwRev=00000000h, Ports=1, MaxQ=256, IRQ=20
[    8.732944] scsi 2:0:0:0: Direct-Access     VBOX     HARDDISK         1.0  PQ: 0 ANSI: 5
[    9.724459] scsi target2:0:0: Beginning Domain Validation
[    9.780422] scsi target2:0:0: Domain Validation skipping write tests
[   10.716650] scsi target2:0:0: Ending Domain Validation
[   10.722255] scsi target2:0:0: asynchronous
[   10.724420] scsi 2:0:1:0: Direct-Access     VBOX     HARDDISK         1.0  PQ: 0 ANSI: 5
[   11.361501] scsi target2:0:1: Beginning Domain Validation
[   11.381262] random: fast init done
[   11.704181] scsi target2:0:1: Domain Validation skipping write tests
[   11.772893] scsi target2:0:1: Ending Domain Validation
[   11.787270] scsi target2:0:1: asynchronous
[   11.846928] random: systemd-udevd: uninitialized urandom read (16 bytes read)
[   11.847032] sd 2:0:0:0: Attached scsi generic sg0 type 0
[   11.850157] random: systemd-udevd: uninitialized urandom read (16 bytes read)
[   11.852662] sd 2:0:0:0: [sda] 20971520 512-byte logical blocks: (10.7 GB/10.0 GiB)
[   11.855117] random: systemd-udevd: uninitialized urandom read (16 bytes read)
[   11.858513] sd 2:0:1:0: Attached scsi generic sg1 type 0
[   11.862499] sd 2:0:0:0: [sda] Write Protect is off
[   11.865934] sd 2:0:1:0: [sdb] 20480 512-byte logical blocks: (10.5 MB/10.0 MiB)
[   11.868112] sd 2:0:0:0: [sda] Incomplete mode parameter data
[   11.872985] sd 2:0:0:0: [sda] Assuming drive cache: write through
[   11.875586] sd 2:0:1:0: [sdb] Write Protect is off
[   11.877577]  sda: sda1
[   11.883075] sd 2:0:1:0: [sdb] Incomplete mode parameter data
[   11.883405] sd 2:0:0:0: [sda] Attached SCSI disk
[   11.902619] sd 2:0:1:0: [sdb] Assuming drive cache: write through
[   11.924563] sd 2:0:1:0: [sdb] Attached SCSI disk
Begin: Loading essential drivers ... [   13.496754] raid6: sse2x1   gen()  7519 MB/s
[   13.572126] raid6: sse2x1   xor()  6774 MB/s
[   13.646133] raid6: sse2x2   gen() 12921 MB/s
[   13.755905] raid6: sse2x2   xor()  9091 MB/s
[   13.816820] raid6: sse2x4   gen() 14542 MB/s
[   13.888114] raid6: sse2x4   xor()  8221 MB/s
[   13.940257] raid6: avx2x1   gen() 14154 MB/s
[   14.004628] raid6: avx2x1   xor()  8791 MB/s
[   14.052522] raid6: avx2x2   gen() 18320 MB/s
[   14.108253] raid6: avx2x2   xor() 13959 MB/s
[   14.173580] raid6: avx2x4   gen() 21884 MB/s
[   14.220465] raid6: avx2x4   xor()  7107 MB/s
[   14.223873] raid6: using algorithm avx2x4 gen() 21884 MB/s
[   14.227559] raid6: .... xor() 7107 MB/s, rmw enabled
[   14.232607] raid6: using avx2x2 recovery algorithm
[   14.238455] xor: automatically using best checksumming function   avx       
[   14.247095] async_tx: api initialized (async)
done.
Begin: Running /scripts/init-premount ... done.
Begin: Mounting root file system ... Begin: Running /scripts/local-top ... done.
Begin: Running /scripts/local-premount ... [   14.316268] Btrfs loaded, crc32c=crc32c-intel
Scanning for Btrfs filesystems
done.
Warning: fsck not present, so skipping root file[   14.361586] EXT4-fs (sda1): mounted filesystem with ordered data mode. Opts: (null)
 system
done.
Begin: Running /scripts/local-bottom ... done.
Begin: Running /scripts/init-bottom ... done.
[   14.668935] ip_tables: (C) 2000-2006 Netfilter Core Team
[   15.585613] systemd[1]: systemd 237 running in system mode. (+PAM +AUDIT +SELINUX +IMA +APPARMOR +SMACK +SYSVINIT +UTMP +LIBCRYPTSETUP +GCRYPT +GNUTLS +ACL +XZ +LZ4 +SECCOMP +BLKID +ELFUTILS +KMOD -IDN2 +IDN -PCRE2 default-hierarchy=hybrid)
[   16.416066] systemd[1]: Detected virtualization oracle.
[   17.124083] systemd[1]: Detected architecture x86-64.

Welcome to [1mUbuntu 18.04.2 LTS[0m!

[   17.169154] systemd[1]: Set hostname to <ubuntu-bionic>.
[   18.570534] systemd[1]: Created slice User and Session Slice.
[[0;32m  OK  [0m] Created slice User and Session Slice.
[   19.500159] systemd[1]: Reached target User and Group Name Lookups.
[[0;32m  OK  [0m] Reached target User and Group Name Lookups.
[   19.507684] systemd[1]: Created slice System Slice.
[[0;32m  OK  [0m] Created slice System Slice.
[   19.513772] systemd[1]: Listening on Journal Audit Socket.
[[0;32m  OK  [0m] Listening on Journal Audit Socket.
[   19.520264] systemd[1]: Listening on udev Kernel Socket.
[[0;32m  OK  [0m] Listening on udev Kernel Socket.
[   19.526677] systemd[1]: Listening on Journal Socket.
[[0;32m  OK  [0m] Listening on Journal Socket.
         Mounting Kernel Debug File System...
         Mounting Huge Pages File System...
         Starting Create list of required stâ€¦ce nodes for the current kernel...
         Starting Uncomplicated firewall...
[[0;32m  OK  [0m] Listening on Device-mapper event daemon FIFOs.
[[0;32m  OK  [0m] Listening on LVM2 poll daemon socket.
[[0;32m  OK  [0m] Set up automount Arbitrary Executabâ€¦rmats File System Automount Point.
[[0;32m  OK  [0m] Listening on Network Service Netlink Socket.
         Starting Set the console keyboard layout...
         Starting Remount Root and Kernel File Systems...
[[0;32m  OK  [0m] Reached target Slices.
[[0;32m  OK  [0m] Reached target Swap.
[   19.647694] EXT4-fs (sda1): re-mounted. Opts: (null)
[[0;32m  OK  [0m] Started Forward Password Requests to Wall Directory Watch.
[[0;32m  OK  [0m] Listening on LVM2 metadata daemon socket.
         Starting Monitoring of LVM2 mirrorsâ€¦ng dmeventd or progress polling...
[[0;32m  OK  [0m] Listening on Syslog Socket.
[[0;32m  OK  [0m] Listening on udev Control Socket.
         Starting udev Coldplug all Devices...
[[0;32m  OK  [0m] Reached target System Time Synchronized.
[[0;32m  OK  [0m] Created slice system-serial\x2dgetty.slice.
         Starting Load Kernel Modules...
         Mounting POSIX Message Queue File System...
[[0;32m  OK  [0m] Listening on /dev/initctl Compatibility Named Pipe.
[[0;32m  OK  [0m] Listening on Journal Socket (/dev/log).
[   19.916405] random: crng init done
[   19.918666] random: 7 urandom warning(s) missed due to ratelimiting
         Starting Journal Service...
[   19.931538] Loading iSCSI transport class v2.0-870.
[[0;32m  OK  [0m] Mounted Kernel Debug File System.
[[0;32m  OK  [0m] Mounted Huge Pages File System.
[[0;32m  OK  [0m] Started Create list of required staâ€¦vice nodes for the current kernel.
[[0;32m  OK  [0m] Started Uncomplicated firewall.
[[0;32m  OK  [0m] Started Set the console keyboard layout.
[[0;32m  OK  [0m] Started Remount Root and Kernel File Systems.
[[0;32m  OK  [0m] Mounted POSIX Message Queue File System.
[[0;32m  OK  [0m] Started LVM2 metadata daemon.
         Starting Load/Save Random Seed...
[   19.970497] iscsi: registered transport (tcp)
         Starting Create Static Device Nodes in /dev...
[[0;32m  OK  [0m] Started Load/Save Random Seed.
[[0;32m  OK  [0m] Started udev Coldplug all Devices.
[[0;32m  OK  [0m] Started Monitoring of LVM2 mirrors,â€¦sing dmeventd or progress polling.
[[0;32m  OK  [0m] Started Journal Service.
         Starting Flush Journal to Persistent Storage...
[[0;32m  OK  [0m] Started Create Static Device Nodes in /dev.
         Starting udev Kernel Device Manager...
[[0;32m  OK  [0m] Reached target Local File Systems (Pre).
[[0;32m  OK  [0m] Reached target Local File System[   20.089374] iscsi: registered transport (iser)
s.
         Starting AppArmor initialization...
         Starting Tell Plymouth To Write Out Runtime Data...
         Starting Set console font and keymap...
         Starting ebtables ruleset management...
[[0;32m  OK  [0m] Started udev Kernel Device Manager.
[[0;32m  OK  [0m] Started Load Kernel Modules.
         Mounting FUSE Control File System...
         Mounting Kernel Configuration File System...
         Starting Apply Kernel Variables...
[[0;32m  OK  [0m] Started Dispatch Password Requests to Console Directory Watch.
[[0;32m  OK  [0m] Reached target Local Encrypted Volumes.
[[0;32m  OK  [0m] Started Tell Plymouth To Write Out Runtime Data.
[[0;32m  OK  [0m] Started Set console font and keymap.
[[0;32m  OK  [0m] Mounted FUSE Control File System.
[[0;32m  OK  [0m] Mounted Kernel Configuration File System.
[[0;32m  OK  [0m] Started Apply Kernel Variables.
[[0;32m  OK  [0m] Started ebtables ruleset management.
[[0;32m  OK  [0m] Started Flush Journal to Persistent Storage.
         Starting Create Volatile Files and Directories...
[[0;32m  OK  [0m] Started Create Volatile Files and Directories.
         Starting Update UTMP about System Boot/Shutdown...
[[0;32m  OK  [0m] Started Update UTMP about System Boot/Shutdown.
[[0;32m  OK  [0m] Found device /dev/ttyS0.
[[0;32m  OK  [0m] Started AppArmor initialization.
         Starting Initial cloud-init job (pre-networking)...
[[0;32m  OK  [0m] Listening on Load/Save RF Kill Switch Status /dev/rfkill Watch.
[   22.510919] cloud-init[529]: Cloud-init v. 19.1-1-gbaa47854-0ubuntu1~18.04.1 running 'init-local' at Wed, 21 Aug 2019 05:51:09 +0000. Up 22.25 seconds.
[[0;32m  OK  [0m] Started Initial cloud-init job (pre-networking).
[[0;32m  OK  [0m] Reached target Network (Pre).
         Starting Network Service...
[[0;32m  OK  [0m] Started Network Service.
         Starting Wait for Network to be Configured...
         Starting Network Name Resolution...
[[0;32m  OK  [0m] Started Network Name Resolution.
[[0;32m  OK  [0m] Reached target Host and Network Name Lookups.
[[0;32m  OK  [0m] Reached target Network.
[[0;32m  OK  [0m] Started Wait for Network to be Configured.
         Starting Initial cloud-init job (metadata service crawler)...
[   24.995060] cloud-init[715]: Cloud-init v. 19.1-1-gbaa47854-0ubuntu1~18.04.1 running 'init' at Wed, 21 Aug 2019 05:51:12 +0000. Up 24.84 seconds.
[   25.024563] cloud-init[715]: ci-info: ++++++++++++++++++++++++++++++++++++++Net device info+++++++++++++++++++++++++++++++++++++++
[   25.092315] cloud-init[715]: ci-info: +--------+------+-----------------------------+---------------+--------+-------------------+
[   25.124826] cloud-init[715]: ci-info: | Device |  Up  |           Address           |      Mask     | Scope  |     Hw-Address    |
[   25.154460] cloud-init[715]: ci-info: +--------+------+-----------------------------+---------------+--------+-------------------+
[   25.160615] cloud-init[715]: ci-info: | enp0s3 | True |          10.0.2.15          | 255.255.255.0 | global | 02:d3:40:fa:08:af |
[   25.168000] cloud-init[715]: ci-info: | enp0s3 | True |  fe80::d3:40ff:fefa:8af/64  |       .       |  link  | 02:d3:40:fa:08:af |
[   25.178841] cloud-init[715]: ci-info: | enp0s8 | True |        192.168.33.10        | 255.255.255.0 | global | 08:00:27:3b:a8:d2 |
[   25.181849] cloud-init[715]: ci-info: | enp0s8 | True | fe80::a00:27ff:fe3b:a8d2/64 |       .       |  link  | 08:00:27:3b:a8:d2 |
[   25.184868] cloud-init[715]: ci-info: |   lo   | True |          127.0.0.1          |   255.0.0.0   |  host  |         .         |
[   25.208476] cloud-init[715]: ci-info: |   lo   | True |           ::1/128           |       .       |  host  |         .         |
[   25.212681] cloud-init[715]: ci-info: +--------+------+-----------------------------+---------------+--------+-------------------+
[   25.216690] cloud-init[715]: ci-info: +++++++++++++++++++++++++++++Route IPv4 info+++++++++++++++++++++++++++++
[   25.220287] cloud-init[715]: ci-info: +-------+--------------+----------+-----------------+-----------+-------+
[   25.223770] cloud-init[715]: ci-info: | Route | Destination  | Gateway  |     Genmask     | Interface | Flags |
[   25.227419] cloud-init[715]: ci-info: +-------+--------------+----------+-----------------+-----------+-------+
[   25.231011] cloud-init[715]: ci-info: |   0   |   0.0.0.0    | 10.0.2.2 |     0.0.0.0     |   enp0s3  |   UG  |
[   25.234592] cloud-init[715]: ci-info: |   1   |   10.0.2.0   | 0.0.0.0  |  255.255.255.0  |   enp0s3  |   U   |
[   25.238949] cloud-init[715]: ci-info: |   2   |   10.0.2.2   | 0.0.0.0  | 255.255.255.255 |   enp0s3  |   UH  |
[   25.241695] cloud-init[715]: ci-info: |   3   | 192.168.33.0 | 0.0.0.0  |  255.255.255.0  |   enp0s8  |   U   |
[   25.245252] cloud-init[715]: ci-info: +-------+--------------+----------+-----------------+-----------+-------+
[   25.248096] cloud-init[715]: ci-info: +++++++++++++++++++Route IPv6 info+++++++++++++++++++
[   25.250912] cloud-init[715]: ci-info: +-------+-------------+---------+-----------+-------+
[   25.253834] cloud-init[715]: ci-info: | Route | Destination | Gateway | Interface | Flags |
[[   25.328884] cloud-init[715]: ci-info: +-------+-------------+---------+-----------+-------+
[   25.329519] cloud-init[715]: ci-info: |   1   |  fe80::/64  |    ::   |   enp0s3  |   U   |
[   25.329974] cloud-init[715]: ci-info: |   2   |  fe80::/64  |    ::   |   enp0s8  |   U   |
[   25.330293] cloud-init[715]: ci-info: |   4   |    local    |    ::   |   enp0s3  |   U   |
[   25.330664] cloud-init[715]: ci-info: |   5   |    local    |    ::   |   enp0s8  |   U   |
[   25.331020] cloud-init[715]: ci-info: |   6   |   ff00::/8  |    ::   |   enp0s3  |   U   |
[   25.331395] cloud-init[715]: ci-info: |   7   |   ff00::/8  |    ::   |   enp0s8  |   U   |
[   25.332567] cloud-init[715]: ci-info: +-------+-------------+---------+-----------+-------+
[0;32m  OK  [0m] Started Initial cloud-init job (metadata service crawler).
[[0;32m  OK  [0m] Reached target Cloud-config availability.
[[0;32m  OK  [0m] Reached target Network is Online.
         Starting Availability of block devices...
[[0;32m  OK  [0m] Reached target Remote File Systems (Pre).
[[0;32m  OK  [0m] Reached target Remote File Systems.
[[0;32m  OK  [0m] Reached target System Initialization.
[[0;32m  OK  [0m] Listening on UUID daemon activation socket.
[[0;32m  OK  [0m] Started Daily apt download activities.
         Starting LXD - unix socket.
[[0;32m  OK  [0m] Started Daily apt upgrade and clean activities.
[[0;32m  OK  [0m] Started ACPI Events Check.
[[0;32m  OK  [0m] Reached target Paths.
[[0;32m  OK  [0m] Listening on ACPID Listen Socket.
[[0;32m  OK  [0m] Listening on Open-iSCSI iscsid Socket.
[[0;32m  OK  [0m] Started Discard unused blocks once a week.
[[0;32m  OK  [0m] Started Daily Cleanup of Temporary Directories.
[[0;32m  OK  [0m] Started Message of the Day.
[[0;32m  OK  [0m] Reached target Timers.
         Starting Socket activation for snappy daemon.
[[0;32m  OK  [0m] Listening on D-Bus System Message Bus Socket.
[[0;32m  OK  [0m] Started Availability of block devices.
[[0;32m  OK  [0m] Listening on LXD - unix socket.
[[0;32m  OK  [0m] Listening on Socket activation for snappy daemon.
[[0;32m  OK  [0m] Reached target Sockets.
[[0;32m  OK  [0m] Reached target Basic System.
         Starting LXD - container startup/shutdown...
[[0;32m  OK  [0m] Started FUSE filesystem for LXC.
[[0;32m  OK  [0m] Started Regular background program processing daemon.
         Starting Accounts Service...
         Starting Login Service...
[[0;32m  OK  [0m] Started Deferred execution scheduler.
         Starting Dispatcher daemon for systemd-networkd...
         Starting vboxadd.service...
[[0;32m  OK  [0m] Started irqbalance daemon.
[[0;32m  OK  [0m] Started D-Bus System Message Bus.
         Starting Permit User Sessions...
         Starting Snappy daemon...
         Starting LSB: Record successful boot for GRUB...
         Starting OpenBSD Secure Shell server...
         Starting Message of the Day...
         Starting System Logging Service...
         Starting LSB: automatic crash report generation...
[[0;32m  OK  [0m] Started LXD - container startup/shutdown.
[[0;32m  OK  [0m] Started Permit User Sessions.
[[0;32m  OK  [0m] Started Login Service.
[[0;32m  OK  [0m] Started System Logging Service.
         Starting Authorization Manager...
[[0;32m  OK  [0m] Started Unattended Upgrades Shutdown.
         Starting Hold until boot process finishes up...
         Starting Terminate Plymouth Boot Screen...
[[0;32m  OK  [0m] Started Hold until boot process finishes up.
[[0;32m  OK  [0m] Started Terminate Plymouth Boot Screen.
[[0;32m  OK  [0m] Started OpenBSD Secure Shell server.
[[0;32m  OK  [0m] Started Serial Getty on ttyS0.
         Starting Set console scheme...
[[0;32m  OK  [0m] Started Authorization Manager.
[[0;32m  OK  [0m] Started Accounts Service.
[[0;32m  OK  [0m] Started Set console scheme.
[[0;32m  OK  [0m] Created slice system-getty.slice.
[[0;32m  OK  [0m] Started Getty on tty1.
[[0;32m  OK  [0m] Reached target Login Prompts.
[[0;32m  OK  [0m] Started LSB: Record successful boot for GRUB.
[[0;32m  OK  [0m] Started LSB: automatic crash report generation.
[[0;32m  OK  [0m] Created slice User Slice of vagrant.
[[0;32m  OK  [0m] Started Snappy daemon.
         Starting User Manager for UID 1000...
         Starting Wait until snapd is fully seeded...
[[0;32m  OK  [0m] Started Dispatcher daemon for systemd-networkd.
[[0;32m  OK  [0m] Started Session 1 of user vagrant.
[[0;32m  OK  [0m] Started Wait until snapd is fully seeded.
         Starting Apply the settings specified in cloud-config...
[[0;32m  OK  [0m] Started User Manager for UID 1000.
[[0;32m  OK  [0m] Started vboxadd.service.
         Starting vboxadd-service.service...
[[0;32m  OK  [0m] Started vboxadd-service.service.
[[0;32m  OK  [0m] Reached target Multi-User System.
[[0;32m  OK  [0m] Reached target Graphical Interface.
         Starting Update UTMP about System Runlevel Changes...
[[0;32m  OK  [0m] Started Update UTMP about System Runlevel Changes.
[   28.283011] cloud-init[1134]: Cloud-init v. 19.1-1-gbaa47854-0ubuntu1~18.04.1 running 'modules:config' at Wed, 21 Aug 2019 05:51:15 +0000. Up 28.03 seconds.
[[0;32m  OK  [0m] Started Apply the settings specified in cloud-config.
         Starting Execute cloud user/final scripts...
[[0;32m  OK  [0m] Started Message of the Day.
[   29.017749] cloud-init[1238]: Cloud-init v. 19.1-1-gbaa47854-0ubuntu1~18.04.1 running 'modules:final' at Wed, 21 Aug 2019 05:51:16 +0000. Up 28.87 seconds.
[   29.022727] cloud-init[1238]: Cloud-init v. 19.1-1-gbaa47854-0ubuntu1~18.04.1 finished at Wed, 21 Aug 2019 05:51:16 +0000. Datasource DataSourceNoCloud [seed=/dev/sdb][dsmode=net].  Up 29.00 seconds
[[0;32m  OK  [0m] Started Execute cloud user/final scripts.
         Starting Daily apt download activities...
[[0;32m  OK  [0m] Reached target Cloud-init target.

Ubuntu 18.04.2 LTS ubuntu-bionic ttyS0

ubuntu-bionic login: 