[   .000000] Linx version .1.0-58geerc  (buildd@lcy01-amd64-03) (gcc version 7.4.0 (Ubuntu 7.4.0-1ubuntu1~18.04.1)) #64-Ubuntu SMP Tue Aug 6 11:12:41 UTC 2019 (Ubuntu 4.15.0-58.4-geerc .15.18)[    0.0000] Commanline: BOOT_IMAGE=/boot/vmlinuz-4.15.0-58-generic root=UUID=8cbe577e-242c-455a-8346-f3922fd023f9 ro console=tty1 console=ttyS0
[    0.000000] KERNEL supported cpus:
[    0.000000]   Intel GenuineIntel
[    0.000000]   AMD AuthenticAMD
[    0.000000]   Centaur CentaurHauls
[    0.000000] x86/fpu: Supporting XSAVE feature 0x001: 'x87 floating point registers'
[    0.000000] x86/fpu: Supporting XSAVE feature 0x002: 'SSE registers'
[    0.000000] x86/fpu: Supporting XSAVE feature 0x004: 'AVX registers'
[    0.000000] x86/fpu: xstate_ffset[2]:  576, xstate_sizes[2]:  256
[    0.000000] x86/fpu: Enabled xstate features 0x7, context size is 832 bytes, using 'standard' format.
[    0.000000] e820: BIOS-provided physical RAM map:
[    0.000000] BIOS-e8820: [mem 0x0000000000000000-0x000000000009fbff] usable
[    0.000000] BIOS-e820: [mem 0x000000000009fc00-0x000000000009ffff] reserved
[    0.000000] BIOS-e820: [mem 0x00000000000f0000-0x00000000000fffff] reserved
[    0.000000] BIOS-e820: [mem 0x0000000000100000-0x000000003ffeffff] usable
[    0.000000] BIOS-e820: [mem 0x000000003fff0000-x000000003fffffff] ACPI data
[    0.000000] BIOS-e820: [mem 0x00000000fec00000-0x00000000fec00fff] reserved
[    0.000000] BIOS-e820: [mem 0x00000000fee00000-0x0000000fe00fff] rerved[    0.000000] IOS-82: [mem 0x00000000fff0000-0x0000000fffffff] reserved
[    0.000000] NX (Execute Disable) protection: active
[    0.000000] SMBIOS 2.5 present.
[    0.000000] DMI: innotek GmbH VitulBox/VirtualBox, BIOS VirtualBox 12/01/2006
[    0.000000] Hypervisor detected: KVM
[    0.000000] e820: last_pfn = 0x3fff0 max_arch_pfn = 0x400000000
[    0.000000] MTRR: Disabled
[    0.000000] x86/PAT: MTRRs disabled, skipping PAT initialization too.
[    0.000000] CPU MTRRs all blank - virtualized system.
[    0.000000] x86/PAT: Configuration [0-7]: WB  WT  UC- UC  WB  WT  UC- UC  
[    0.000000] found SMP MP-table at [mem 0x0009fff0-0x0009ffff] mapped at [        (ptrval)]
[    0.000000] Scanning 1 areas for low memory corruption
[    0.000000] RAMDISK: [mem 0x35985000-0x36cb9fff]
[    0.000000] ACI: Early tabe checkm erification disle
[    0.00000 ACPI RDP0x00000000000E0000 00024 (v02 VBOX  )
[    0.00000] ACPI: XSDT 0x000000003FFF0030 00003C (v01 VBOX   VBOXXSDT 00000001 ASL  00000061)
[    0.000000] ACPI: FACP 0x000000003FFF00F0 0000F4 (v04 VBOX   VBOXFACP 000001 SLL  000000)
[    .000000] ACPI: DSDT 0x000000003FFF0470 0021FF (v02 VBOX   VBOXBIOS 00000002 INTL 20100528)
[    0.000000] ACPI: FACS 0x000000003FFF0200 000040
[    0.000000] ACPI: FACS 0x000000003FFF0200 000040
[    0.000000] ACPI: APIC 0x000000003FFF0240 00005C (v02 VBOX   VBOXAPIC 00000001 ASL  0000006)
[   0.000000] ACPI: SSDT 0x000000003FFF02A0 0001CC (v01 VBOX   VBOXCPUT 00000002 INTL 20100528)
[    0.000000] No NUMA configuration found
[    0.000000] Faking a node at [mem 0x0000000000000000-0x000000003ffeffff]
[    0.000000] NODE_DATA(0) allocated [mem 0x3ffc5000-0x3ffeffff]
[    0.000000] kvm-clock: cpu 0, msr 0:3ff44001, primary cpu clock
[    0.000000] kvm-clock: Using msrs 4b564d01 and 4b564d00
[    0.000000] km-clock: using sched offset of 7553386865 cycles
[    0.000000] clocksource: kvm-clock: mask: 0xffffffffffffffff max_cycles: 0x1cd42e4dffb, max_idle_ns: 881590591483 ns
[    0.000000] Zone ranges:
[    0.000000]   DMA      [mem 0x0000000000001000-0x0000000000ffffff]
[    0.000000]   DMA32    [mem 0x0000000001000000-0x000000003ffeffff]
[    0.000000]   Normal   empty
[    0.000000]   Device   empty
[    0.000000] Movable zone start for each node
[    0.000000] Early memory node ranges
[    0.000000]   node   0: [mem 0x0000000000001000-0x000000000009efff]
[    0.000000]   node   0: [mem 0x0000000000100000-0x000000003ffeffff]
[    0.000000 Reserved but unavailable: 98 pages
[    0.000000Initmem stu nde 0 [me 0x000000000000-0x0000000ffffff]
[    0.000000] ACPI: PM-Time IO Port0x4008
[    0.000000] IOAPIC[0]: apic_id 2, version 32, address 0xfe00000, GSI0-3
[    0.0000] ACPI:IN_SC__OVR (bus 0bus_irq 0 global_irq 2 l df)
[   .000000] ACPI: INT_RC_OVR us0 bus_irq 9 global_irq 9 low evel)
[    0000000] Using ACPI (MADT) for SMP configuration information
[    0.000000] smpboot: Allowing 2 CPUs, 0 hotplug CPUs
[    0.000000] PM: Registered nosave memory: [mem 0x00000000-0x00000fff]
[    0.000000] PM: Registered nosave memory: [mem 0x0009f000-0x0009ffff]
[    0.000000] PM: Registered nosave memory: [mem 0x000a0000-0x000effff]
[    0.000000] PM: Registered noave memory: [mem 0x000f0000-0x000fffff]
[    0.000000] e820: [mem 0x40000000-0xfebfffff] available for PCI devices
[    0.000000] Booting paravirtualized kernel on KVM
[    0.000000] clocksource: refined-jiffies: mask: 0xfffffff max_cycles: 0xffffffff, max_idle_ns: 7645519600211568 ns
[    0.000000] random: get_random_bytes called from start_kernel+0x99/0x4fd with crng_init=0
[    0.000000] setup_percpu: NR_CPUS:8192 nr_cpumask_bits:2 nr_cpu_ids:2 nr_node_ids:1
[    0.000000] percpu: Embedded 46 pages/cpu @        (ptrval) s151552 r8192 d28672 u1048576
[    0.000000] PV qspinlock hash table entries: 256 order: 0, 4096 bytes)
[    0.00000] Buit  zonelists, mobility grouing on.  Tal pages: 793
[    0.000000] Policy zone: DMA32
[    0.000000] Kernel command line: BOOT_IMAGE=/boot/vmlinuz-4.15.0-58-generic root=UUID=8cbe577e-242c-455a-8346-f3922fd023f9 ro console=tty1 console=ttyS0
[    0.000000] Memory: 982928K/1048120K available (12300K kernel code, 2478K rwdata, 4280K rodata, 2424K init, 2384K bss, 65192K reserved, 0K cma-reserved)
[    0.000000] SLUB: HWalign=64 Oder=0-3, MnOjects=0, CPUs=2, Nodes=1
[    0.000000] Kernel/User page tables isolation: enabled
[    0.000000] ftrace: allocating 39243 entries in 154 pages
[    0.004000] Hierarchical RCU implementation.
[    0.004000] 	RCU restricting CPUs from NR_CPUS=8192 to nr_cpu_ids=2.
[    0.004000] 	Tasks RCU enabled.
[    0.004000] RCU: Adjusting geometry for rcu_fanout_leaf=16, nr_cpu_ids=2
[    0.004000] NR_IRQS: 524544, nr_irqs: 440, preallocated irqs: 16
[    0.004000] Console: colour VGA+ 80x25
[    0.004000] console [tty1] enabled
[    0.004000] console [ttyS0] enabled
[    0.004000] ACPI: Core revision 20170831
[    0.004000] API: 2 ACPI AML tables successfully acquired and loaded
[    0.004000] APIC: Switch to symmetric I/O mode setup
[    0.004000] x2apic enabled
[    0.004000] Switched APIC routing to physical x2apic.
[    0.005093] ..TIMER: vector=0x30 apic1=0 pin1=2 apic2=-1 pin2=-1
[    0.008004] tsc: Detected 1199.999 MHz processor
[    0.012015] Calibrating delay loop (skipped) preset value.. 2399.99 BogoMIPS (lpj=4799996)
[    0.016009] pid_max: default: 32768 minimum: 301
[    0.020045] Security Framework initialized
[    0.024004] Yama: becoming mindful.
[    0.028047] AppArmor: AppArmor initialized
[    0.033814] Dentry cache hash table entries: 131072 (order: 8, 1048576 bytes)
[    0.036109] Inode-cache hash table entries: 65536 (order: 7, 524288 bytes)
[    0.040028] Mount-cache hash table entries: 2048 (order: 2, 16384 bytes)
[    0.044009] Mountpoint-cache hash table entries: 2048 (order: 2, 16384 bytes)
[    0.046474] mce: CPU supports 0 MCE banks
[    0.048018] Last level iTLB entries: 4KB 64, 2MB 8, 4MB 8
[    0.052003] Last level dTLB entries: 4KB 64, 2MB 0, 4MB 0, 1GB 4
[    0.056003] Spectre V1 : Mitigation: usercopy/swapgs barriers and __user pointer sanitization
[    0.060006] Spectre V2 : Mitigation: Full generic retpoline
[    0.064003] Spectre V2 : Spectre v2 / SpectreRSB mitigation: Filling RSB on context switch
[    0.066780] Speculative Store Bypass: Vulnerable
[    0.068067] MDS: Vulnerable: Clear CPU buffers attempted, no microcode
[    0.070135] Freeing SMP alternatives memory: 36K
[    0.076000] smpboot: CPU0: Intel(R) Core(TM) m3-7Y32 CPU @ 1.10GHz (family: 0x6, model: 0x8e, stepping: 0x9)
[    0.076099] Performance Events: unsupported p6 CPU model 142 no PMU driver, software events only.
[    0.080050] Hierarchical SRCU implementation.
[    0.084651] NMI watchdog: Perf event create on CPU 0 failed with -2
[    0.088013] NMI watchdog: Perf NMI watchdog permanently disabled
[    0.092074] smp: Bringing up secondary CPUs ...
[    0.096096] x86: Booting SMP configuration:
[    0.097456] .... node  #0, CPUs:      #1
[    0.004000] kvm-clock: cpu 1, msr 0:3ff44041, secondary cpu clock
[    0.004000] mce: CPU supports 0 MCE banks
[    0.104026] smp: Brought up 1 node, 2 CPUs
[    0.108008] smpboot: Max logical packages: 1
[    0.112010] smpboot: Total of 2 processors activated (4799.99 BogoMIPS)
[    0.116193] devtmpfs: initialized
[    0.120067] x86/mm: Memory block size: 128MB
[    0.124152] evm: security.selinux
[    0.128005] evm: security.SMACK64
[    0.132004] evm: security.SMACK64EXEC
[    0.136003] evm: security.SMACK64TRANSMUTE
[    0.140003] evm: security.SMACK64MMAP
[    0.144004] evm: security.apparmor
[    0.148003] evm: security.ima
[    0.152003] evm: security.capability
[    0.156114] clocksource: jiffies: mask: 0xffffffff max_cycles: 0xffffffff, max_idle_ns: 7645041785100000 ns
[    0.160009] futex hash table entries: 512 (order: 3, 32768 bytes)
[    0.162290] pinctrl core: initialized pinctrl subsystem
[    0.168194] RTC time:  6:58:13, date: 08/29/19
[    0.172264] NET: Registered protocol family 16
[    0.176100] audit: initializing netlink subsys (disabled)
[    0.180051] audit: type=2000 audit(1567061899.165:1): state=initialized audit_enabled=0 res=1
[    0.264009] cpuidle: using governor ladder
[    0.268012] cpuidle: using governor menu
[    0.272085] ACPI: bus type PCI registered
[    0.276005] acpiphp: ACPI Hot Plug PCI Controller Driver version: 0.5
[    0.280165] PCI: Using configuration type 1 for base access
[    0.284999] HugeTLB registered 2.00 MiB page size, pre-allocated 0 pages
[    0.288133] ACPI: Added _OSI(Module Device)
[    0.292004] ACPI: Added _OSI(Processor Device)
[    0.293490] ACPI: Added _OSI(3.0 _SCP Extensions)
[    0.294994] ACPI: Added _OSI(Processor Aggregator Device)
[    0.296003] ACPI: Added _OSI(Linux-Dell-Video)
[    0.300004] ACPI: Added _OSI(Linux-Lenovo-NV-HDMI-Audio)
[    0.304004] ACPI: Added _OSI(Linux-HPI-Hybrid-Graphics)
[    0.312242] ACPI: Executed 1 blocks of module-level executable AML code
[    0.321723] ACPI: Interpreter enabled
[    0.324021] ACPI: (supports S0 S5)
[    0.328006] ACPI: Using IOAPIC for interrupt routing
[    0.332250] PCI: Using host bridge windows from ACPI; if necessary, use "pci=nocrs" and report a bug
[    0.336353] ACPI: Enabled 2 GPEs in block 00 to 07
[    0.350552] ACPI: PCI Root Bridge [PCI0] (domain 0000 [bus 00-ff])
[    0.352014] acpi PNP0A03:00: _OSC: OS supports [ASPM ClockPM Segments MSI]
[    0.356042] acpi PNP0A03:00: _OSC: not requesting OS control; OS requires [ExtendedConfig ASPM ClockPM MSI]
[    0.359651] acpi PNP0A03:00: fail to add MMCONFIG information, can't access extended PCI configuration space under this bridge.
[    0.364194] PCI host bridge to bus 0000:00
[    0.366012] pci_bus 0000:00: root bus resource [io  0x0000-0x0cf7 window]
[    0.368012] pci_bus 0000:00: root bus resource [io  0x0d00-0xffff window]
[    0.372012] pci_bus 0000:00: root bus resource [mem 0x000a0000-0x000bffff window]
[    0.376012] pci_bus 0000:00: root bus resource [mem 0x40000000-0xfdffffff window]
[    0.380014] pci_bus 0000:00: root bus resource [bus 00-ff]
[    0.393552] pci 0000:00:01.1: legacy IDE quirk: reg 0x10: [io  0x01f0-0x01f7]
[    0.396013] pci 0000:00:01.1: legacy IDE quirk: reg 0x14: [io  0x03f6]
[    0.400013] pci 0000:00:01.1: legacy IDE quirk: reg 0x18: [io  0x0170-0x0177]
[    0.404009] pci 0000:00:01.1: legacy IDE quirk: reg 0x1c: [io  0x0376]
[    0.439533] pci 0000:00:07.0: quirk: [io  0x4000-0x403f] claimed by PIIX4 ACPI
[    0.440034] pci 0000:00:07.0: quirk: [io  0x4100-0x410f] claimed by PIIX4 SMB
[    0.462423] ACPI: PCI Interrupt Link [LNKA] (IRQs 5 9 10 *11)
[    0.464480] ACPI: PCI Interrupt Link [LNKB] (IRQs 5 9 *10 11)
[    0.468197] ACPI: PCI Interrupt Link [LNKC] (IRQs 5 *9 10 11)
[    0.472231] ACPI: PCI Interrupt Link [LNKD] (IRQs 5 9 10 *11)
[    0.476498] SCSI subsystem initialized
[    0.480077] pci 0000:00:02.0: vgaarb: setting as boot VGA device
[    0.484000] pci 0000:00:02.0: vgaarb: VGA device added: decodes=io+mem,owns=io+mem,locks=none
[    0.484007] pci 0000:00:02.0: vgaarb: bridge control possible
[    0.488003] vgaarb: loaded
[    0.492041] ACPI: bus type USB registered
[    0.496043] usbcore: registered new interface driver usbfs
[    0.500025] usbcore: registered new interface driver hub
[    0.504037] usbcore: registered new device driver usb
[    0.508115] EDAC MC: Ver: 3.0.0
[    0.512482] PCI: Using ACPI for IRQ routing
[    0.516433] NetLabel: Initializing
[    0.520003] NetLabel:  domain hash size = 128
[    0.524005] NetLabel:  protocols = UNLABELED CIPSOv4 CALIPSO
[    0.528029] NetLabel:  unlabeled traffic allowed by default
[    0.532139] clocksource: Switched to clocksource kvm-clock
[    059845] FS Dsk quota dqut_.60[   0.3661 VFS: Dquot-cache hash table entries: 512 (order 0, 4096 bytes)
[    0.955525] AppArmor: AppArmor Filesystem Enabled
[    0.957055] pnp: PnP ACPI init
[    0.959887] pnp: PnP ACPI: found 3 devices

[    0.974231] clocksource: acpi_pm: mask: 0xffffff max_cycles: 0xffffff, max_idle_ns: 2085701024 ns
[    0.977113] NET: Registered protocol family 2
[    0.981698] TCP established hash table entries: 8192 (order: 4, 65536 bytes)
[    0.984367] TCP bind hash table entries: 8192 (order: 5, 131072 bytes)
[    0.986950] TCP: Hash tables configured (established 8192 bind 8192)
[    0.990746] UDP hash table entries: 512 (order: 2, 16384 bytes)
[    0.994121] UDP-Lite hash table entries: 512 (order: 2, 16384 bytes)
[    0.997883] NET: Registered protocol family 1
[    1.000192] pci 0000:00:00.0: Limiting direct PCI/PCI transfers
[    1.003843] pci 0000:00:01.0: Activating ISA DMA hang workarounds
[    1.007265] pci 0000:00:02.0: Video device with shadowed ROM at [mem 0x000c0000-0x000dffff]
[    1.012408] Unpacking initramfs...
[    1.352967] Freeing initrd memory: 19668K
[    1.398706] clocksource: tsc: mask: 0xffffffffffffffff max_cycles: 0x114c1ac8d5f, max_idle_ns: 440795249997 ns
[    1.469112] platform rtc_cmos: registered platform RTC device (no PNP device found)
[    1.562761] Scanning for low memory corruption every 60 seconds
[    1.622724] Initialise system trusted keyrings
[    1.678250] Key type blacklist registered
[    1.708761] workingset: timestamp_bits=36 max_order=18 bucket_order=0
[    1.750892] zbud: loaded
[    1.761359] squashfs: version 4.0 (2009/01/31) Phillip Lougher
[    1.812842] fuse init (API version 7.26)
[    1.861001] Key type asymmetric registered
[    1.862291] Asymmetric key parser 'x509' registered
[    1.863728] Block layer SCSI generic (bsg) driver version 0.4 loaded (major 246)
[    1.865969] io scheduler noop registered
[    1.867111] io scheduler deadline registered
[    1.868433] io scheduler cfq registered (default)
[    1.870462] ACPI: AC Adapter [AC] (on-line)
[    1.871785] input: Power Button as /devices/LNXSYSTM:00/LNXPWRBN:00/input/input0
[    1.904261] ACPI: Power Button [PWRF]
[    1.907058] input: Sleep Button as /devices/LNXSYSTM:00/LNXSLPBN:00/input/input1
[    1.909988] ACPI: Sleep Button [SLPF]
[    1.926427] Serial: 8250/16550 driver, 32 ports, IRQ sharing enabled
[    1.928387] ACPI: Battery Slot [BAT0] (battery present)
[    1.954795] 00:02: ttyS0 at I/O 0x3f8 (irq = 4, base_baud = 115200) is a 16550A
[    1.997923] Linux agpgart interface v0.103
[    2.009636] loop: module loaded
[    2.013555] scsi host0: ata_piix
[    2.028179] scsi host1: ata_piix
[    2.044716] ata1: PATA max UDMA/33 cmd 0x1f0 ctl 0x3f6 bmdma 0xd000 irq 14
[    2.046598] ata2: PATA max UDMA/33 cmd 0x170 ctl 0x376 bmdma 0xd008 irq 15
[    2.056685] libphy: Fixed MDIO Bus: probed
[    2.061113] tun: Universal TUN/TAP device driver, 1.6
[    2.071474] PPP generic driver version 2.4.2
[    2.079071] ehci_hcd: USB 2.0 'Enhanced' Host Controller (EHCI) Driver
[    2.081522] ehci-pci: EHCI PCI platform driver
[    2.082947] ehci-platform: EHCI generic platform driver
[    2.084982] ohci_hcd: USB 1.1 'Open' Host Controller (OHCI) Driver
[    2.087188] ohci-pci: OHCI PCI platform driver
[    2.088588] ohci-platform: OHCI generic platform driver
[    2.090108] uhci_hcd: USB Universal Host Controller Interface driver
[    2.092672] i8042: PNP: PS/2 Controller [PNP0303:PS2K,PNP0f03:PS2M] at 0x60,0x64 irq 1,12
[    2.096297] serio: i8042 KBD port at 0x60,0x64 irq 1
[    2.098193] serio: i8042 AUX port at 0x60,0x64 irq 12
[    2.100080] mousedev: PS/2 mouse device common for all mice
[    2.102606] input: AT Translated Set 2 keyboard as /devices/platform/i8042/serio0/input/input2
[    2.117216] rtc_cmos rtc_cmos: rtc core: registered rtc_cmos as rtc0
[    2.120949] rtc_cmos rtc_cmos: alarms up to one day, 114 bytes nvram
[    2.125499] i2c /dev entries driver
[    2.127805] device-mapper: uevent: version 1.0.3
[    2.130478] device-mapper: ioctl: 4.37.0-ioctl (2017-09-20) initialised: dm-devel@redhat.com
[    2.135250] ledtrig-cpu: registered to indicate activity on CPUs
[    2.140148] NET: Registered protocol family 10
[    2.151085] Segment Routing with IPv6
[    2.153613] NET: Registered protocol family 17
[    2.156278] Key type dns_resolver registered
[    2.159024] RAS: Correctable Errors collector initialized.
[    2.162604] sched_clock: Marking stable (2162525910, 0)->(7344172627, -5181646717)
[    2.168369] registered taskstats version 1
[    2.173962] Loading compiled-in X.509 certificates
[    2.182745] Loaded X.509 cert 'Build time autogenerated kernel key: e343dd3e31c9820cf0adf0156bc2eecdcfc394af'
[    2.206501] zswap: loaded using pool lzo/zbud
[    2.213531] Key type big_key registered
[    2.214913] Key type trusted registered
[    2.240378] Key type encrypted registered
[    2.251025] AppArmor: AppArmor sha1 policy hashing enabled
[    2.304166] ima: No TPM chip found, activating TPM-bypass! (rc=-19)
[    2.355008] ima: Allocated hash algorithm: sha1
[    2.385185] evm: HMAC attrs: 0x1
[    2.386859]   Magic number: 15:269:975
[    2.389736] rtc_cmos rtc_cmos: setting system clock to 2019-08-29 06:58:17 UTC (1567061897)
[    2.453674] BIOS EDD facility v0.16 2004-Jun-25, 0 devices found
[    2.510977] EDD information not available.
[    2.533930] Freeing unused kernel image memory: 2424K
[    2.600458] Write protecting the kernel read-only data: 20480k
[    2.629208] Freeing unused kernel image memory: 2008K
[    2.672536] Freeing unused kernel image memory: 1864K
[    2.717924] x86/mm: Checked W+X mappings: passed, no W+X pages found.
[    2.745856] x86/mm: Checking user space page tables
[    2.753827] x86/mm: Checked W+X mappings: passed, no W+X pages found.
Loading, please wait...
starting version 237
[    2.866191] Fusion MPT base driver 3.04.20
[    2.867522] Copyright (c) 1999-2008 LSI Corporation
[    2.886075] e1000: Intel(R) PRO/1000 Network Driver - version 7.3.21-k8-NAPI
[    2.888737] e1000: Copyright (c) 1999-2006 Intel Corporation.
[    2.899439] AVX2 version of gcm_enc/dec engaged.
[    2.901040] AES CTR mode by8 optimization enabled
[    2.908480] Fusion MPT SPI Host driver 3.04.20
[    3.129143] input: ImExPS/2 Generic Explorer Mouse as /devices/platform/i8042/serio1/input/input4
[    3.429720] e1000 0000:00:03.0 eth0: (PCI:33MHz:32-bit) 02:d3:40:fa:08:af
[    3.456851] e1000 0000:00:03.0 eth0: Intel(R) PRO/1000 Network Connection
[    3.460143] mptbase: ioc0: Initiating bringup
[    3.585587] ioc0: LSI53C1030 A0: Capabilities={Initiator}
[    3.904768] scsi host2: ioc0: LSI53C1030 A0, FwRev=00000000h, Ports=1, MaxQ=256, IRQ=20
[    4.073434] scsi 2:0:0:0: Direct-Access     VBOX     HARDDISK         1.0  PQ: 0 ANSI: 5
[    4.232266] scsi target2:0:0: Beginning Domain Validation
[    4.241328] scsi target2:0:0: Domain Validation skipping write tests
[    4.243754] scsi target2:0:0: Ending Domain Validation
[    4.246265] scsi target2:0:0: asynchronous
[    4.251357] scsi 2:0:1:0: Direct-Access     VBOX     HARDDISK         1.0  PQ: 0 ANSI: 5
[    4.530270] scsi target2:0:1: Beginning Domain Validation
[    4.556909] random: fast init done
[    4.559176] scsi target2:0:1: Domain Validation skipping write tests
[    4.560574] e1000 0000:00:08.0 eth1: (PCI:33MHz:32-bit) 08:00:27:3b:a8:d2
[    4.561557] scsi target2:0:1: Ending Domain Validation
[    4.564211] e1000 0000:00:08.0 eth1: Intel(R) PRO/1000 Network Connection
[    4.565683] random: systemd-udevd: uninitialized urandom read (16 bytes read)
[    4.570219] random: systemd-udevd: uninitialized urandom read (16 bytes read)
[    4.617018] random: systemd-udevd: uninitialized urandom read (16 bytes read)
[    4.617448] scsi target2:0:1: asynchronous
[    4.662609] e1000 0000:00:03.0 enp0s3: renamed from eth0
[    4.712100] sd 2:0:0:0: [sda] 20971520 512-byte logical blocks: (10.7 GB/10.0 GiB)
[    4.712356] sd 2:0:0:0: Attached scsi generic sg0 type 0
[    4.715911] sd 2:0:0:0: [sda] Write Protect is off
[    4.717119] sd 2:0:1:0: Attached scsi generic sg1 type 0
[    4.721275] sd 2:0:0:0: [sda] Incomplete mode parameter data
[    4.722024] e1000 0000:00:08.0 enp0s8: renamed from eth1
[    4.741765] sd 2:0:0:0: [sda] Assuming drive cache: write through
[    4.774973] sd 2:0:1:0: [sdb] 20480 512-byte logical blocks: (10.5 MB/10.0 MiB)
[    4.799202] sd 2:0:1:0: [sdb] Write Protect is off
[    4.821529] sd 2:0:1:0: [sdb] Incomplete mode parameter data
[    4.861383] sd 2:0:1:0: [sdb] Assuming drive cache: write through
[    4.908312]  sda: sda1
[    4.910194] sd 2:0:1:0: [sdb] Attached SCSI disk
[    4.947132] sd 2:0:0:0: [sda] Attached SCSI disk
Begin: Loading essential drivers ... [    6.464102] raid6: sse2x1   gen() 10075 MB/s
[    6.540318] raid6: sse2x1   xor()  8062 MB/s
[    6.616178] raid6: sse2x2   gen()  8330 MB/s
[    6.668240] raid6: sse2x2   xor()  3866 MB/s
[    6.716030] raid6: sse2x4   gen() 12815 MB/s
[    6.800802] raid6: sse2x4   xor()  9414 MB/s
[    6.881033] raid6: avx2x1   gen() 20933 MB/s
[    7.000154] raid6: avx2x1   xor() 14037 MB/s
[    7.120131] raid6: avx2x2   gen() 24485 MB/s
[    7.224558] raid6: avx2x2   xor() 15204 MB/s
[    7.296442] raid6: avx2x4   gen() 27287 MB/s
[    7.392569] raid6: avx2x4   xor() 16906 MB/s
[    7.402064] raid6: using algorithm avx2x4 gen() 27287 MB/s
[    7.403944] raid6: .... xor() 16906 MB/s, rmw enabled
[    7.465052] raid6: using avx2x2 recovery algorithm
[    7.541536] xor: automatically using best checksumming function   avx       
[    7.581932] async_tx: api initialized (async)
done.
Begin: Running /scripts/init-premount ... done.
Begin: Mounting root file system ... Begin: Running /scripts/local-top ... done.
Begin: Running /scripts/local-premount ... [    7.634459] Btrfs loaded, crc32c=crc32c-intel
Scanning for Btrfs filesystems
done.
Warning: fsck not present, so skipping root file system
[    7.710437] EXT4-fs (sda1): INFO: recovery required on readonly filesystem
[    7.712772] EXT4-fs (sda1): write access will be enabled during recovery
[    8.321472] EXT4-fs (sda1): recovery complete
[    8.346458] EXT4-fs (sda1): mounted filesystem with ordered data mode. Opts: (null)
done.
Begin: Running /scripts/local-bottom ... done.
Begin: Running /scripts/init-bottom ... done.
[    8.655339] ip_tables: (C) 2000-2006 Netfilter Core Team
[    8.714463] systemd[1]: systemd 237 running in system mode. (+PAM +AUDIT +SELINUX +IMA +APPARMOR +SMACK +SYSVINIT +UTMP +LIBCRYPTSETUP +GCRYPT +GNUTLS +ACL +XZ +LZ4 +SECCOMP +BLKID +ELFUTILS +KMOD -IDN2 +IDN -PCRE2 default-hierarchy=hybrid)
[    8.832906] systemd[1]: Detected virtualization oracle.
[    8.839806] systemd[1]: Detected architecture x86-64.

Welcome to [1mUbuntu 18.04.2 LTS[0m!

[    8.855735] systemd[1]: Set hostname to <ubuntu-bionic>.
[    9.412144] random: crng init done
[    9.413800] random: 7 urandom warning(s) missed due to ratelimiting
[    9.682255] systemd[1]: Reached target System Time Synchronized.
[[0;32m  OK  [0m] Reached target System Time Synchronized.
[    9.689548] systemd[1]: Created slice System Slice.
[[0;32m  OK  [0m] Created slice System Slice.
[    9.712883] systemd[1]: Listening on Network Service Netlink Socket.
[[0;32m  OK  [0m] Listening on Network Service Netlink Socket.
[    9.793671] systemd[1]: Listening on LVM2 metadata daemon socket.
[[0;32m  OK  [0m] Listening on LVM2 metadata daemon socket.
[    9.962010] systemd[1]: Listening on udev Kernel Socket.
[[0;32m  OK  [0m] Listening on udev Kernel Socket.
[    9.968594] systemd[1]: Listening on LVM2 poll daemon socket.
[[0;32m  OK  [0m] Listening on LVM2 poll daemon socket.
[[0;32m  OK  [0m] Listening on Syslog Socket.
[[0;32m  OK  [0m] Started Forward Password Requests to Wall Directory Watch.
[[0;32m  OK  [0m] Listening on Journal Socket.
         Mounting Huge Pages File System...
         Starting Remount Root and Kernel File Systems...
         Starting Create list of required stâ€¦ce nodes for the current kernel...
         Mounting Kernel Debug File System...
[   10.010286] EXT4-fs (sda1): re-mounted. Opts: (null)
         Starting Load Kernel Modules...
         Starting Set the console keyboard layout...
[[0;32m  OK  [0m] Created slice User and Session Slice.
[[0;32m  OK  [0m] Listening on Journal Audit Socket.
[[0;32m  OK  [0m] Reached target Slices.
[[0;32m  OK  [0m] Listening on Journal Socket (/dev/log).
         Starting Journal Service...
[   10.064686] Loading iSCSI transport class v2.0-870.
[[0;32m  OK  [0m] Listening on Device-mapper event daemon FIFOs.
         Starting Monitoring of LVM2 mirrorsâ€¦ng dmeventd or progress polling...
[[0;32m  OK  [0m] Reached target Swap.
[[0;32m  OK  [0m] Listening on udev Control Socket.
         Starting udev Coldplug all Devices...
         Starting Uncomplicated firewall...
[[0;32m  OK  [0m] Reached target User and Group Name Lookups.
[[0;32m  OK  [0m] Created slice system-serial\x2dgetty.slice.
         Mounting POSIX Message Queue File System...
[[0;32m  OK  [0m] Listening on /dev/initctl Compatibility Named Pipe.
[[0;32m  OK  [0m] Set up automount Arbitrary Executabâ€¦rmats File System Automount Point.
[   10.206362] iscsi: registered transport (tcp)
[[0;32m  OK  [0m] Started Journal Service.
[[0;32m  OK  [0m] Mounted Huge Pages File System.
[[0;32m  OK  [0m] Started Remount Root and Kernel File Systems.
[[0;32m  OK  [0m] Started Crea[   10.279005] iscsi: registered transport (iser)
te list of required staâ€¦vice nodes for the current kernel.
[[0;32m  OK  [0m] Mounted Kernel Debug File System.
[[0;32m  OK  [0m] Started Load Kernel Modules.
[[0;32m  OK  [0m] Started Uncomplicated firewall.
[[0;32m  OK  [0m] Mounted POSIX Message Queue File System.
[[0;32m  OK  [0m] Started udev Coldplug all Devices.
[[0;32m  OK  [0m] Started LVM2 metadata daemon.
         Mounting Kernel Configuration File System...
         Starting Apply Kernel Variables...
         Mounting FUSE Control File System...
         Starting Create Static Device Nodes in /dev...
         Starting Load/Save Random Seed...
         Starting Flush Journal to Persistent Storage...
[[0;32m  OK  [0m] Started Set the console keyboard layout.
[[0;32m  OK  [0m] Started Monitoring of LVM2 mirrors,â€¦sing dmeventd or progress polling.
[[0;32m  OK  [0m] Mounted Kernel Configuration File System.
[[0;32m  OK  [0m] Started Apply Kernel Variables.
[[0;32m  OK  [0m] Mounted FUSE Control File System.
[[0;32m  OK  [0m] Started Create Static Device Nodes in /dev.
[[0;32m  OK  [0m] Started Load/Save Random Seed.
         Starting udev Kernel Device Manager...
[[0;32m  OK  [0m] Reached target Local File Systems (Pre).
[[0;32m  OK  [0m] Reached target Local File Systems.
         Starting Set console font and keymap...
         Starting ebtables ruleset management...
         Starting AppArmor initialization...
         Starting Tell Plymouth To Write Out Runtime Data...
[[0;32m  OK  [0m] Started udev Kernel Device Manager.
[[0;32m  OK  [0m] Started Dispatch Password Requests to Console Directory Watch.
[[0;32m  OK  [0m] Reached target Local Encrypted Volumes.
[[0;32m  OK  [0m] Started Set console font and keymap.
[[0;32m  OK  [0m] Started Tell Plymouth To Write Out Runtime Data.
[[0;32m  OK  [0m] Started ebtables ruleset management.
[[0;32m  OK  [0m] Started Flush Journal to Persistent Storage.
[[0;32m  OK  [0m] Found device /dev/ttyS0.
         Starting Create Volatile Files and Directories...
[[0;32m  OK  [0m] Started Create Volatile Files and Directories.
         Starting Update UTMP about System Boot/Shutdown...
[[0;32m  OK  [0m] Listening on Load/Save RF Kill Switch Status /dev/rfkill Watch.
[[0;32m  OK  [0m] Started Update UTMP about System Boot/Shutdown.
[[0;32m  OK  [0m] Started AppArmor initialization.
         Starting Initial cloud-init job (pre-networking)...
[   13.225115] cloud-init[529]: Cloud-init v. 19.1-1-gbaa47854-0ubuntu1~18.04.1 running 'init-local' at Thu, 29 Aug 2019 06:58:28 +0000. Up 12.98 seconds.
[[0;32m  OK  [0m] Started Initial cloud-init job (pre-networking).
[[0;32m  OK  [0m] Reached target Network (Pre).
         Starting Network Service...
[[0;32m  OK  [0m] Started Network Service.
         Starting Wait for Network to be Configured...
         Starting Network Name Resolution...
[[0;32m  OK  [0m] Started Network Name Resolution.
[[0;32m  OK  [0m] Reached target Host and Network Name Lookups.
[[0;32m  OK  [0m] Reached target Network.
[[0;32m  OK  [0m] Started Wait for Network to be Configured.
         Starting Initial cloud-init job (metadata service crawler)...
[   15.986046] cloud-init[701]: Cloud-init v. 19.1-1-gbaa47854-0ubuntu1~18.04.1 running 'init' at Thu, 29 Aug 2019 06:58:30 +0000. Up 15.81 seconds.
[   16.072354] cloud-init[701]: ci-info: ++++++++++++++++++++++++++++++++++++++Net device info+++++++++++++++++++++++++++++++++++++++
[   16.115256] cloud-init[701]: ci-info: +--------+------+-----------------------------+---------------+--------+-------------------+
[   16.165942] cloud-init[701]: ci-info: | Device |  Up  |           Address           |      Mask     | Scope  |     Hw-Address    |
[   16.236367] [cloud-init[0;32m  OK  [0m[701]: ] ci-info: +--------+------+-----------------------------+---------------+--------+-------------------+
Started Initial cloud-init job (metadata service crawler).
[   16.305907] [[0;32m  OK  [0m] Reached target Network is Online.
cloud-init[701]: ci-info: | enp0s3 | True |          10.0.2.15          | 255.255.255.0 | global | 02:d3:40:fa:08:af |
         Starting Availability of block devices...
[[0;32m  OK  [0m] Reached target Remote File Systems (Pre).
[[0;32m  OK  [0m] Reached target Remote File Systems.
[   16.368821] cloud-init[701]: ci-info: | enp0s3 | True |  fe80::d3:40ff:fefa:8af/64  |       .       |  link  | 02:d3:40:fa:08:af |
[   16.485925] cloud-init[701]: ci-info: | enp0s8 | True |        192.168.33.10        | 255.255.255.0 | global | 08:00:27:3b:a8:d2 |
[   16.541377] cloud-init[701]: ci-info: | enp0s8 | True | fe80::a00:27ff:fe3b:a8d2/64 |       .       |  link  | 08:00:27:3b:a8:d2 |
[   16.601713] cloud-init[701]: ci-info: |   lo   | True |          127.0.0.1          |   255.0.0.0   |  host  |         .         |
[   16.657405] cloud-init[701]: ci-info: |   lo   | True |           ::1/128           |       .       |  host  |         .         |
[[0;32m  OK  [0m] Reached target Cloud-config availability.
[[0;32m  OK  [0m] Reached target System Initialization.
[[   16.723067] cloud-init[701]: ci-info: +--------+------+-----------------------------+---------------+--------+-------------------+
[   16.748359] cloud-init[701]: ci-info: +++++++++++++++++++++++++++++Route IPv4 info+++++++++++++++++++++++++++++
[   16.748806] cloud-init[701]: ci-info: +-------+--------------+----------+-----------------+-----------+-------+
[   16.749307] cloud-init[701]: ci-info: | Route | Destination  | Gateway  |     Genmask     | Interface | Flags |
[   16.749779] cloud-init[701]: ci-info: +-------+--------------+----------+-----------------+-----------+-------+
[   16.750262] cloud-init[701]: ci-info: |   0   |   0.0.0.0    | 10.0.2.2 |     0.0.0.0     |   enp0s3  |   UG  |
[   16.750718] cloud-init[701]: ci-info: |   1   |   10.0.2.0   | 0.0.0.0  |  255.255.255.0  |   enp0s3  |   U   |
[   16.751124] cloud-init[701]: ci-info: |   2   |   10.0.2.2   | 0.0.0.0  | 255.255.255.255 |   enp0s3  |   UH  |
[   16.752658] cloud-init[701]: ci-info: |   3   | 192.168.33.0 | 0.0.0.0  |  255.255.255.0  |   enp0s8  |   U   |
[   16.753296] cloud-init[701]: ci-info: +-------+--------------+----------+-----------------+-----------+-------+
[   16.753624] cloud-init[701]: ci-info: +++++++++++++++++++Route IPv6 info+++++++++++++++++++
[   16.754038] cloud-init[701]: ci-info: +-------+-------------+---------+-----------+-------+
[   16.754094] cloud-init[701]: ci-info: | Route | Destination | Gateway | Interface | Flags |
[   16.754139] cloud-init[701]: ci-info: +-------+-------------+---------+-----------+-------+
[   16.754179] cloud-init[701]: ci-info: |   1   |  fe80::/64  |    ::   |   enp0s8  |   U   |
[   16.754228] cloud-init[701]: ci-info: |   2   |  fe80::/64  |    ::   |   enp0s3  |   U   |
[   16.754269] cloud-init[701]: ci-info: |   4   |    local    |    ::   |   enp0s3  |   U   |
[   16.754312] cloud-init[701]: ci-info: |   5   |    local    |    ::   |   enp0s8  |   U   |
[   16.754353] cloud-init[701]: ci-info: |   6   |   ff00::/8  |    ::   |   enp0s8  |   U   |
[   16.754399] cloud-init[701]: ci-info: |   7   |   ff00::/8  |    ::   |   enp0s3  |   U   |
[   16.754447] cloud-init[701]: ci-info: +-------+-------------+---------+-----------+-------+
[0;32m  OK  [0m] Listening on Open-iSCSI iscsid Socket.
[[0;32m  OK  [0m] Listening on UUID daemon activation socket.
[[0;32m  OK  [0m] Listening on ACPID Listen Socket.
[[0;32m  OK  [0m] Started Daily apt download activities.
[[0;32m  OK  [0m] Listening on D-Bus System Message Bus Socket.
[[0;32m  OK  [0m] Started Daily apt upgrade and clean activities.
[[0;32m  OK  [0m] Started Discard unused blocks once a week.
[[0;32m  OK  [0m] Started ACPI Events Check.
[[0;32m  OK  [0m] Reached target Paths.
[[0;32m  OK  [0m] Started Daily Cleanup of Temporary Directories.
         Starting LXD - unix socket.
[[0;32m  OK  [0m] Started Message of the Day.
[[0;32m  OK  [0m] Reached target Timers.
         Starting Socket activation for snappy daemon.
[[0;32m  OK  [0m] Started Availability of block devices.
[[0;32m  OK  [0m] Listening on LXD - unix socket.
[[0;32m  OK  [0m] Listening on Socket activation for snappy daemon.
[[0;32m  OK  [0m] Reached target Sockets.
[[0;32m  OK  [0m] Reached target Basic System.
         Starting Dispatcher daemon for systemd-networkd...
[[0;32m  OK  [0m] Started Deferred execution scheduler.
         Starting Snappy daemon...
         Starting vboxadd.service...
[[0;32m  OK  [0m] Started D-Bus System Message Bus.
         Starting Message of the Day...
[[0;32m  OK  [0m] Started FUSE filesystem for LXC.
[[0;32m  OK  [0m] Started Regular background program processing daemon.
[[0;32m  OK  [0m] Started irqbalance daemon.
         Starting LXD - container startup/shutdown...
         Starting System Logging Service...
         Starting OpenBSD Secure Shell server...
         Starting LSB: Record successful boot for GRUB...
         Starting Accounts Service...
         Starting LSB: automatic crash report generation...
         Starting Login Service...
         Starting Permit User Sessions...
[[0;32m  OK  [0m] Started System Logging Service.
[[0;32m  OK  [0m] Started Permit User Sessions.
         Starting Terminate Plymouth Boot Screen...
         Starting Hold until boot process finishes up...
[[0;32m  OK  [0m] Started Hold until boot process finishes up.
[[0;32m  OK  [0m] Started Serial Getty on ttyS0.
         Starting Set console scheme...
[[0;32m  OK  [0m] Started Terminate Plymouth Boot Screen.
[[0;32m  OK  [0m] Started Dispatcher daemon for systemd-networkd.
[[0;32m  OK  [0m] Started Login Service.
[[0;32m  OK  [0m] Started Unattended Upgrades Shutdown.
[[0;32m  OK  [0m] Started LSB: automatic crash report generation.
[[0;32m  OK  [0m] Started Set console scheme.
[[0;32m  OK  [0m] Created slice system-getty.slice.
[[0;32m  OK  [0m] Started Getty on tty1.
[[0;32m  OK  [0m] Reached target Login Prompts.
         Starting Authorization Manager...
[[0;32m  OK  [0m] Started LSB: Record successful boot for GRUB.
[[0;32m  OK  [0m] Started Authorization Manager.
[[0;32m  OK  [0m] Started Accounts Service.
[[0;32m  OK  [0m] Started Snappy daemon.
         Starting Wait until snapd is fully seeded...
[[0;32m  OK  [0m] Started OpenBSD Secure Shell server.
[[0;32m  OK  [0m] Started Wait until snapd is fully seeded.
         Starting Apply the settings specified in cloud-config...
[[0;32m  OK  [0m] Started vboxadd.service.
         Starting vboxadd-service.service...
[[0;32m  OK  [0m] Created slice User Slice of vagrant.
[[0;32m  OK  [0m] Started vboxadd-service.service.
[[0;32m  OK  [0m] Started LXD - container startup/shutdown.
[[0;32m  OK  [0m] Started Session 1 of user vagrant.
[[0;32m  OK  [0m] Reached target Multi-User System.
[[0;32m  OK  [0m] Reached target Graphical Interface.
         Starting Update UTMP about System Runlevel Changes...
         Starting User Manager for UID 1000...
[[0;32m  OK  [0m] Started Update UTMP about System Runlevel Changes.
[[0;32m  OK  [0m] Started User Manager for UID 1000.
[   20.069605] cloud-init[1184]: Cloud-init v. 19.1-1-gbaa47854-0ubuntu1~18.04.1 running 'modules:config' at Thu, 29 Aug 2019 06:58:34 +0000. Up 19.81 seconds.
[[0;32m  OK  [0m] Started Apply the settings specified in cloud-config.
         Starting Execute cloud user/final scripts...
[[0;32m  OK  [0m] Started Message of the Day.
[   20.901880] cloud-init[1286]: Cloud-init v. 19.1-1-gbaa47854-0ubuntu1~18.04.1 running 'modules:final' at Thu, 29 Aug 2019 06:58:35 +0000. Up 20.77 seconds.
[   20.910396] cloud-init[1286]: Cloud-init v. 19.1-1-gbaa47854-0ubuntu1~18.04.1 finished at Thu, 29 Aug 2019 06:58:36 +0000. Datasource DataSourceNoCloud [seed=/dev/sdb][dsmode=net].  Up 20.89 seconds
[[0;32m  OK  [0m] Started Execute cloud user/final scripts.
         Starting Daily apt download activities...
[[0;32m  OK  [0m] Reached target Cloud-init target.

Ubuntu 18.04.2 LTS ubuntu-bionic ttyS0

ubuntu-bionic login: 