[    0.000000] Linux version 4.15.0-58-generic (buildd@lcy01-amd64-013) (gcc version 7.40 (Ubuntu 7.0-1ubuntu1~18.04.1)) #64-Ubuntu SMP Tue Aug 6 11:12:41 UTC 2019 (Ubuntu 4.15.0-58.64-generic 4.15.18)
[    0.000000] Command line: BOOT_IMAGE=/boot/vmlinuz-4.15.0-58-generic root=UUID=8cbe577e-242c-455a-8346-f3922fd023f9 ro console=tty1 console=ttyS0
[    0.000000] KERNEL supported cpus:
[    0.000000]   Intel GenuineIntel
[    0.000000]   AMD AuthenticAMD
[    0.000000]   Centaur CentaurHauls
[    0.000000] x86/fpu: Supporting XSAVE feature 0x001: 'x87 floating point registers'
[    0.000000] x86/fpu: Supporting XSAVE feature 0x002: 'SSE registers'
[    0.000000] x86/fpu: Supporting XSAVE feature 0x004: 'AVX registers'
[    0.000000] x86/fpu: xstate_offset[2]:  576, xstate_sizes[2]:  256
[    0.000000] x86/fpu: Enabled xstate features 0x7, context size is 832 bytes, using 'standard' format.
[    0.000000] e820: BIOS-provided physical RAM map:
[    0.000000] BIOS-e820: [mem 0x0000000000000000-0x000000000009fbff] usable
[    0.000000] BIOS-e820: [mem 0x000000000009fc00-0x000000000009ffff] reserved
[    0.000000] BIOS-e820: [mem 0x00000000000f0000-0x00000000000fffff] reserved
[    0.000000] BIOS-e820: [mem 0x0000000000100000-0x000000003ffeffff] usable
[    0.000000] BIOS-e820: [mem 0x000000003fff0000-0x000000003fffffff] ACPI data
[    0.000000] BIOS-e820: [mem 0x00000000fec00000-0x00000000fec00fff] reserved
[    0.000000] BIOS-e820: [mem 0x00000000fee00000-0x00000000fee00fff] reserved
[    0.000000] BIOS-e820: [mem 0x00000000fffc0000-0x00000000ffffffff] reseved
[    0.000000] NX (Execute Disable) protection: active
[    0.000000] SMBIOS 2.5 present.
[    0.000000] DMI: innotek GmbH VirtualBox/VirtuaBox, BIOS VirtualB 1/01/2006    0.000000] Hypervisoretected: KVM
[    0.000000] e820: last_pn = 0x3fff mx_rch_pfn = 0x400000000
[    0.000000] MTRR: Disabled
[    0.000000] x86/PAT: MTRRs disabled, skipping PAT initializtion too.
[    0.000000] CPU MTRRs allblank - viruaized system.
[    0.000000] x86/PAT: Configuratn [0-7]: WB  T  UC- UC  WB  WT  UC- UC  
[   0.00000] ound MP MP-talet [mem 0x0009fff0-0009ffff] mapped at [        (ptrval)]
[    0.000000] Scanning 1 areas for low memory corruption
[    0.000000] RAMDISK: [mem 0x35985000-0x36cb9fff]
[    0.0000] ACPI: Ealy table checksum veifcation disabled
[    0.000000] ACPI: RSDP 0x00000000000E0000 000024 (v2 VBOX  )
[   0.000000] ACPI:XSDT 0x000000003FFF0030 00003C (v01 VBOX   VBOXXSDT 00000001 ASL  00000061)
[    0.000000] ACPI: FACP 0x000000003FFF00F0 0000F4 (v04 VBOX   VBOXFACP 00000001 ASL  00000061)
[    0.000000] ACPI: DSDT 0xx000000003FFF0470 0021FF (v02 VBOX   VBOXBIOS 00000002 INTL 20100528)
[    0.000000] ACPI: FACS 0x00000003FFF0200 000040
[    0.000000] ACPI: FACS 0x000000003FFF0200 000040
[    0.000000] ACPI: APIC 0x000000003FFF0240 00005C (v02 VBOX   VBOXAPIC 00000001 ASL  00000061)
[   0.000000] ACPI: SSDT 0x000000003FFF02A0 0001CC (v01 VBOX   VBOXCPUT 00000002 INTL 20100528)
[    0.000000] No NUMA configuration found
[    0.000000] Faking a node at [mem 0x0000000000000-x0000003ffefff
[    0.0000] NODE_DATA(0)alocated [mem 03fc5000-0x3ffeffff]
[    0.000000] kvm-clock: cpu 0, msr 0:3ff44001, primary cpu clock
[    0.000000] kvm-clock: Using msrs 4b564d01 and 4b564d00
[    0.000000] kvm-clock: using sched offset of 4654363746 cycles
[    0.000000 clocksource: kvm-clock: mask: 0xffffffffffffffff max_cycles: 0x1cd42e4dffb, max_idle_ns: 881590591483 ns
[    0.000000] Zone ranges:
[    0.000000]   DMA     [mem 0x0000000000001000-0x0000000000ffffff]
[    0.000000]   DMA32    [mem 0x0000000001000000-0x000000003ffeffff]
[    0.000000]   Normal   empty
[    0.000000]   Device   empty
[    0.000000] Movable zone start for each node
[    0.000000] Early memory node ranges
[    0.000000]   node   0: [mem 0x0000000000001000-0x000000000009efff]
[     0.000000]   node   0: [mem 0x0000000000100000-0x000000003ffeffff]
[    0.000000] Reserved but unavailable: 98 pages
[    0.000000] Initmem setup node 0 [mem 0x0000000000001000-0x000000003ffeffff]
[    0.000000] ACPI: PM-Timer IO Port: 0x4008
[    0.000000] IOAPIC[0]: apic_id 2, version 32, address 0xfec00000, GSI 0-23
[    0.000000] ACPI: INT_SRC_OVR (bus 0 bus_irq 0 global_irq 2 dfl dfl)
[    0.000000] ACPI: INT_SRC_OVR (bus 0 bus_irq 9 global_irq 9 low level)
[    0.000000] Using ACPI (MADT) for SMP configuration information
[    0.000000] smpboot: Allowing 2 CPUs, 0 hotplug CPUs
[    0.000000] PM: Registered nosave memory: [mem x00000000-0x00000ff]
[  0.000000] PM: Reisteed nsae memory: [em0x0009f00-x009ffff]
[    0.000000] PM: Registered nosave memory: [mem 0x000a0000-0x000effff]
[    0.000000] PM: Registered nosave memory: [mem 0x000f0000-0x000ffff]
[    00000] e820: [mem 0x40000000-0xfebfffff] available for PCI devices
[    0.000000]Booting paravirtualized kernel on KVM
[    0.000000] clocksource: refined-jiffies: mask: 0xffffffff max_cycles: 0xffffffff, max_idle_ns: 7645519600211568 ns
[    0.000000] random: get_random_bytes called from start_kernel+0x99/0x4fd with crng_init=0
[    0.000000] setup_percpu: NR_CPUS:8192 nr_cpumask_bits:2 nr_cpu_ids: nr_node_ids:11
[    0.000000] prcu: Ebeded 46 pages/cpu @        (ptrval) s151552 r8192 d28672 u1048576
[    0.000000] PV qspinlock hash table entries: 256 (order: 0, 4096 bytes)
[    0.000000] Built 1 zonelists, mobility grouping on.  Total pages: 257913
[   0.000000] Policy zone: DMA32
[    0.00000] Krnl command line: BOOT_IMAGE=/boot/vmlinuz-4.15.0-58-neric root=UUID=8cbe577e-242c-455a-8346-f3922fd023f9 ro console=tty1 console=ttyS0
[    0.000000] Memory: 982928K/1048120K available (12300K kernel code, 2478K rwdata, 4280K rodata, 2424Kinit, 2384K bss, 65192K reserved, 0K cma-reserved)
[    0.000000] SLUB: HWalign=64, Order=0-3, MinObjects=0, CPUs=2, Nodes=1
[    0.000000] Kernel/User page tables isolation: enabled
[    0.000000] ftrace: allocating 39243 entries in 154 pages
[    0.004000] Hierarchical RCU implementation.
[    0.004000] 	RCU rrestrictig CPUs from NR_CPUS=8192 to nr_cpu_ids=2.
[    0.004000] 	Tasks RCU enabled.
[    0.004000] RCU: Adjusting geometry for rcu_fanout_leaf=16, nr_cpu_ids=2
[    0.004000] NR_IRQS: 524544, nr_irqs: 440, preallocated irqs: 16
[    0.004000] Console: colour VGA+ 8x25
[    0.004000] console [tty1] enabled
[    0.004000] console[tyS0] enabled
[    0.004000] ACPI: Core revision 20170831
[    0.004000] ACPI: 2 ACPI AML tables successfully acquired and loaded
[    0.004000] APIC: Switch to symmetric I/O mode setup
[    0.004279] x2apic enabled
[    0.005436] Switched APIC routing to physical x2apic.
[    0.009071] ..TIMER: vector=0x30 apic1=0 pin1=2 apic2=-1 pin2=-1
[    0.012003] tsc: Detected 1200.000 MHz processor
[    0.013611] Calibrating delay loop (skipped) preset value.. 2400.00 BogoMIPS (lpj=4800000)
[    0.016003] pid_max: default: 32768 minimum: 301
[    0.017533] Security Framework initialized
[    0.020002] Yama: becoming mindful.
[    0.021225] AppArmor: AppArmor initialized
[    0.025675] Dentry cache hash table entries: 131072 (order: 8, 1048576 bytes)
[    0.028091] Inode-cache hash table entries: 65536 (order: 7, 524288 bytes)
[    0.032025] Mount-cache hash table entries: 2048 (order: 2, 16384 bytes)
[    0.036011] Mountpoint-cache hash table entries: 2048 (order: 2, 16384 bytes)
[    0.040246] mce: CPU supports 0 MCE banks
[    0.044018] Last level iTLB entries: 4KB 64, 2MB 8, 4MB 8
[    0.048003] Last level dTLB entries: 4KB 64, 2MB 0, 4MB 0, 1GB 4
[    0.052006] Spectre V1 : Mitigation: usercopy/swapgs barriers and __user pointer sanitization
[    0.056004] Spectre V2 : Mitigation: Full generic retpoline
[    0.060003] Spectre V2 : Spectre v2 / SpectreRSB mitigation: Filling RSB on context switch
[    0.064006] Speculative Store Bypass: Vulnerable
[    0.068063] MDS: Vulnerable: Clear CPU buffers attempted, no microcode
[    0.070366] Freeing SMP alternatives memory: 36K
[    0.076000] smpboot: CPU0: Intel(R) Core(TM) m3-7Y32 CPU @ 1.10GHz (family: 0x6, model: 0x8e, stepping: 0x9)
[    0.076095] Performance Events: unsupported p6 CPU model 142 no PMU driver, software events only.
[    0.080059] Hierarchical SRCU implementation.
[    0.084688] NMI watchdog: Perf event create on CPU 0 failed with -2
[    0.088009] NMI watchdog: Perf NMI watchdog permanently disabled
[    0.092118] smp: Bringing up secondary CPUs ...
[    0.096098] x86: Booting SMP configuration:
[    0.098159] .... node  #0, CPUs:      #1
[    0.004000] kvm-clock: cpu 1, msr 0:3ff44041, secondary cpu clock
[    0.004000] mce: CPU supports 0 MCE banks
[    0.104034] smp: Brought up 1 node, 2 CPUs
[    0.108025] smpboot: Max logical packages: 1
[    0.112013] smpboot: Total of 2 processors activated (4800.00 BogoMIPS)
[    0.116063] devtmpfs: initialized
[    0.117872] x86/mm: Memory block size: 128MB
[    0.120250] evm: security.selinux
[    0.121624] evm: security.SMACK64
[    0.124005] evm: security.SMACK64EXEC
[    0.125545] evm: security.SMACK64TRANSMUTE
[    0.127124] evm: security.SMACK64MMAP
[    0.128004] evm: security.apparmor
[    0.129386] evm: security.ima
[    0.130721] evm: security.capability
[    0.132139] clocksource: jiffies: mask: 0xffffffff max_cycles: 0xffffffff, max_idle_ns: 7645041785100000 ns
[    0.136024] futex hash table entries: 512 (order: 3, 32768 bytes)
[    0.140107] pinctrl core: initialized pinctrl subsystem
[    0.148184] RTC time:  4:44:48, date: 08/17/19
[    0.152239] NET: Registered protocol family 16
[    0.156138] audit: initializing netlink subsys (disabled)
[    0.160078] audit: type=2000 audit(1566017091.527:1): state=initialized audit_enabled=0 res=1
[    0.168020] cpuidle: using governor ladder
[    0.172032] cpuidle: using governor menu
[    0.176081] ACPI: bus type PCI registered
[    0.177937] acpiphp: ACPI Hot Plug PCI Controller Driver version: 0.5
[    0.184041] PCI: Using configuration type 1 for base access
[    0.189772] HugeTLB registered 2.00 MiB page size, pre-allocated 0 pages
[    0.192130] ACPI: Added _OSI(Module Device)
[    0.196012] ACPI: Added _OSI(Processor Device)
[    0.200010] ACPI: Added _OSI(3.0 _SCP Extensions)
[    0.204011] ACPI: Added _OSI(Processor Aggregator Device)
[    0.208012] ACPI: Added _OSI(Linux-Dell-Video)
[    0.212103] ACPI: Added _OSI(Linux-Lenovo-NV-HDMI-Audio)
[    0.216010] ACPI: Added _OSI(Linux-HPI-Hybrid-Graphics)
[    0.224684] ACPI: Executed 1 blocks of module-level executable AML code
[    0.234027] ACPI: Interpreter enabled
[    0.236031] ACPI: (supports S0 S5)
[    0.240005] ACPI: Using IOAPIC for interrupt routing
[    0.244267] PCI: Using host bridge windows from ACPI; if necessary, use "pci=nocrs" and report a bug
[    0.248270] ACPI: Enabled 2 GPEs in block 00 to 07
[    0.258471] ACPI: PCI Root Bridge [PCI0] (domain 0000 [bus 00-ff])
[    0.260011] acpi PNP0A03:00: _OSC: OS supports [ASPM ClockPM Segments MSI]
[    0.262277] acpi PNP0A03:00: _OSC: not requesting OS control; OS requires [ExtendedConfig ASPM ClockPM MSI]
[    0.264012] acpi PNP0A03:00: fail to add MMCONFIG information, can't access extended PCI configuration space under this bridge.
[    0.268519] PCI host bridge to bus 0000:00
[    0.272005] pci_bus 0000:00: root bus resource [io  0x0000-0x0cf7 window]
[    0.276005] pci_bus 0000:00: root bus resource [io  0x0d00-0xffff window]
[    0.280004] pci_bus 0000:00: root bus resource [mem 0x000a0000-0x000bffff window]
[    0.284005] pci_bus 0000:00: root bus resource [mem 0x40000000-0xfdffffff window]
[    0.288006] pci_bus 0000:00: root bus resource [bus 00-ff]
[    0.296722] pci 0000:00:01.1: legacy IDE quirk: reg 0x10: [io  0x01f0-0x01f7]
[    0.300005] pci 0000:00:01.1: legacy IDE quirk: reg 0x14: [io  0x03f6]
[    0.304004] pci 0000:00:01.1: legacy IDE quirk: reg 0x18: [io  0x0170-0x0177]
[    0.308004] pci 0000:00:01.1: legacy IDE quirk: reg 0x1c: [io  0x0376]
[    0.333947] pci 0000:00:07.0: quirk: [io  0x4000-0x403f] claimed by PIIX4 ACPI
[    0.336024] pci 0000:00:07.0: quirk: [io  0x4100-0x410f] claimed by PIIX4 SMB
[    0.356051] ACPI: PCI Interrupt Link [LNKA] (IRQs 5 9 10 *11)
[    0.358429] ACPI: PCI Interrupt Link [LNKB] (IRQs 5 9 *10 11)
[    0.360163] ACPI: PCI Interrupt Link [LNKC] (IRQs 5 *9 10 11)
[    0.364162] ACPI: PCI Interrupt Link [LNKD] (IRQs 5 9 10 *11)
[    0.368481] SCSI subsystem initialized
[    0.369873] pci 0000:00:02.0: vgaarb: setting as boot VGA device
[    0.372000] pci 0000:00:02.0: vgaarb: VGA device added: decodes=io+mem,owns=io+mem,locks=none
[    0.372013] pci 0000:00:02.0: vgaarb: bridge control possible
[    0.376003] vgaarb: loaded
[    0.377074] ACPI: bus type USB registered
[    0.378404] usbcore: registered new interface driver usbfs
[    0.380016] usbcore: registered new interface driver hub
[    0.384045] usbcore: registered new device driver usb
[    0.388087] EDAC MC: Ver: 3.0.0
[    0.392378] PCI: Using ACPI for IRQ routing
[    0.396417] NetLabel: Initializing
[    0.400002] NetLabel:  domain hash size = 128
[    0.401488] NetLabel:  protocols = UNLABELED CIPSOv4 CALIPSO
[    0.404038] NetLabel:  unlabeled traffic allowed by default
[    0.407043] clocksource: Switched to clocksource kvm-clock
[    0.423684] VS:Disk quotas duo_66.
   059177] VFS Dquot-cache hash table entries: 512 (order 0, 4096 bytes)
[    0.711062] AppArmor: AppArmor Filesystem Enabled
[    0.712657] pnp: PnP ACPI init
[   0.715307] pnp: PnP ACPI: found 3 devices

[   0.6526 clocksource: acpi_pm: mask: 0xffffff max_cycles: 0xffffff, max_idle_ns: 2085701024 ns
[    0.86699 NT:Reiserd protocol family 2

[    1.035413] TCP established hash table entries: 8192 (order: 4, 65536 bytes)
[    1.038076] TCP bind hash table entries: 8192 (order: 5, 131072 bytes)
[    1.040267] TCP: Hash tables configured (established 8192 bind 8192)
[    1.042145] UDP hash table entries: 512 (order: 2, 16384 bytes)
[    1.043896] UDP-Lite hash table entries: 512 (order: 2, 16384 bytes)
[    1.046103] NET: Registered protocol family 1
[    1.047674] pci 0000:00:00.0: Limiting direct PCI/PCI transfers
[    1.050445] pci 0000:00:01.0: Activating ISA DMA hang workarounds
[    1.053464] pci 0000:00:02.0: Video device with shadowed ROM at [mem 0x000c0000-0x000dffff]
[    1.057482] Unpacking initramfs...
[    1.457383] Freeing initrd memory: 19668K
[    1.462478] clocksource: tsc: mask: 0xffffffffffffffff max_cycles: 0x114c1bbbeec, max_idle_ns: 440795229572 ns
[    1.466972] platform rtc_cmos: registered platform RTC device (no PNP device found)
[    1.470528] Scanning for low memory corruption every 60 seconds
[    1.473782] Initialise system trusted keyrings
[    1.475667] Key type blacklist registered
[    1.477368] workingset: timestamp_bits=36 max_order=18 bucket_order=0
[    1.481223] zbud: loaded
[    1.483127] squashfs: version 4.0 (2009/01/31) Phillip Lougher
[    1.488026] fuse init (API version 7.26)
[    1.502080] Key type asymmetric registered
[    1.528296] Asymmetric key parser 'x509' registered
[    1.561111] Block layer SCSI generic (bsg) driver version 0.4 loaded (major 246)
[    1.563741] io scheduler noop registered
[    1.569168] io scheduler deadline registered
[    1.570652] io scheduler cfq registered (default)
[    1.579745] ACPI: AC Adapter [AC] (off-line)
[    1.590473] input: Power Button as /devices/LNXSYSTM:00/LNXPWRBN:00/input/input0
[    1.597664] ACPI: Power Button [PWRF]
[    1.604983] input: Sleep Button as /devices/LNXSYSTM:00/LNXSLPBN:00/input/input1
[    1.607354] ACPI: Sleep Button [SLPF]
[    1.618524] ACPI: Battery Slot [BAT0] (battery present)
[    1.621934] Serial: 8250/16550 driver, 32 ports, IRQ sharing enabled
[    1.717532] 00:02: ttyS0 at I/O 0x3f8 (irq = 4, base_baud = 115200) is a 16550A
[    1.734928] Linux agpgart interface v0.103
[    1.786473] loop: module loaded
[    1.798434] scsi host0: ata_piix
[    1.825229] scsi host1: ata_piix
[    1.842791] ata1: PATA max UDMA/33 cmd 0x1f0 ctl 0x3f6 bmdma 0xd000 irq 14
[    1.845231] ata2: PATA max UDMA/33 cmd 0x170 ctl 0x376 bmdma 0xd008 irq 15
[    1.933477] libphy: Fixed MDIO Bus: probed
[    1.974258] tun: Universal TUN/TAP device driver, 1.6
[    2.009720] PPP generic driver version 2.4.2
[    2.030051] ehci_hcd: USB 2.0 'Enhanced' Host Controller (EHCI) Driver
[    2.073289] ehci-pci: EHCI PCI platform driver
[    2.118272] ehci-platform: EHCI generic platform driver
[    2.163457] ohci_hcd: USB 1.1 'Open' Host Controller (OHCI) Driver
[    2.165379] ohci-pci: OHCI PCI platform driver
[    2.166741] ohci-platform: OHCI generic platform driver
[    2.168644] uhci_hcd: USB Universal Host Controller Interface driver
[    2.171085] i8042: PNP: PS/2 Controller [PNP0303:PS2K,PNP0f03:PS2M] at 0x60,0x64 irq 1,12
[    2.174986] serio: i8042 KBD port at 0x60,0x64 irq 1
[    2.176978] serio: i8042 AUX port at 0x60,0x64 irq 12
[    2.179186] mousedev: PS/2 mouse device common for all mice
[    2.181818] input: AT Translated Set 2 keyboard as /devices/platform/i8042/serio0/input/input2
[    2.185702] rtc_cmos rtc_cmos: rtc core: registered rtc_cmos as rtc0
[    2.188200] rtc_cmos rtc_cmos: alarms up to one day, 114 bytes nvram
[    2.193858] i2c /dev entries driver
[    2.195581] device-mapper: uevent: version 1.0.3
[    2.197851] device-mapper: ioctl: 4.37.0-ioctl (2017-09-20) initialised: dm-devel@redhat.com
[    2.202455] ledtrig-cpu: registered to indicate activity on CPUs
[    2.208282] NET: Registered protocol family 10
[    2.218881] Segment Routing with IPv6
[    2.221267] NET: Registered protocol family 17
[    2.224382] Key type dns_resolver registered
[    2.228608] RAS: Correctable Errors collector initialized.
[    2.232203] sched_clock: Marking stable (2232176180, 0)->(6072861073, -3840684893)
[    2.238595] registered taskstats version 1
[    2.246756] Loading compiled-in X.509 certificates
[    2.255891] Loaded X.509 cert 'Build time autogenerated kernel key: e343dd3e31c9820cf0adf0156bc2eecdcfc394af'
[    2.262650] zswap: loaded using pool lzo/zbud
[    2.274681] Key type big_key registered
[    2.275881] Key type trusted registered
[    2.285645] Key type encrypted registered
[    2.287239] AppArmor: AppArmor sha1 policy hashing enabled
[    2.289347] ima: No TPM chip found, activating TPM-bypass! (rc=-19)
[    2.314383] ima: Allocated hash algorithm: sha1
[    2.335695] evm: HMAC attrs: 0x1
[    2.364825]   Magic number: 15:395:717
[    2.414406] rtc_cmos rtc_cmos: setting system clock to 2019-08-17 04:44:50 UTC (1566017090)
[    2.425729] BIOS EDD facility v0.16 2004-Jun-25, 0 devices found
[    2.445447] EDD information not available.
[    2.449485] Freeing unused kernel image memory: 2424K
[    2.520296] Write protecting the kernel read-only data: 20480k
[    2.574423] Freeing unused kernel image memory: 2008K
[    2.663845] Freeing unused kernel image memory: 1864K
[    2.679372] x86/mm: Checked W+X mappings: passed, no W+X pages found.
[    2.681436] x86/mm: Checking user space page tables
[    2.744627] x86/mm: Checked W+X mappings: passed, no W+X pages found.
Loading, please wait...
starting version 237
[    2.966717] e1000: Intel(R) PRO/1000 Network Driver - version 7.3.21-k8-NAPI
[    2.969593] e1000: Copyright (c) 1999-2006 Intel Corporation.
[    2.974641] Fusion MPT base driver 3.04.20
[    2.976375] Copyright (c) 1999-2008 LSI Corporation
[    3.002462] Fusion MPT SPI Host driver 3.04.20
[    3.008779] AVX2 version of gcm_enc/dec engaged.
[    3.045384] AES CTR mode by8 optimization enabled
[    3.294865] input: ImExPS/2 Generic Explorer Mouse as /devices/platform/i8042/serio1/input/input4
[    3.511173] e1000 0000:00:03.0 eth0: (PCI:33MHz:32-bit) 02:d3:40:fa:08:af
[    4.497699] e1000 0000:00:03.0 eth0: Intel(R) PRO/1000 Network Connection
[    4.503934] mptbase: ioc0: Initiating bringup
[    5.020490] ioc0: LSI53C1030 A0: Capabilities={Initiator}
[    5.554864] scsi host2: ioc0: LSI53C1030 A0, FwRev=00000000h, Ports=1, MaxQ=256, IRQ=20
[    6.367158] scsi 2:0:0:0: Direct-Access     VBOX     HARDDISK         1.0  PQ: 0 ANSI: 5
[    6.788576] scsi target2:0:0: Beginning Domain Validation
[    6.797047] scsi target2:0:0: Domain Validation skipping write tests
[    6.798852] scsi target2:0:0: Ending Domain Validation
[    6.813452] scsi target2:0:0: asynchronous
[    6.816000] scsi 2:0:1:0: Direct-Access     VBOX     HARDDISK         1.0  PQ: 0 ANSI: 5
[    6.827565] e1000 0000:00:08.0 eth1: (PCI:33MHz:32-bit) 08:00:27:3b:a8:d2
[    6.830219] e1000 0000:00:08.0 eth1: Intel(R) PRO/1000 Network Connection
[    6.834978] e1000 0000:00:03.0 enp0s3: renamed from eth0
[    6.862068] scsi target2:0:1: Beginning Domain Validation
[    6.865358] random: fast init done
[    6.865410] random: systemd-udevd: uninitialized urandom read (16 bytes read)
[    6.866819] random: systemd-udevd: uninitialized urandom read (16 bytes read)
[    6.869660] random: systemd-udevd: uninitialized urandom read (16 bytes read)
[    6.880492] e1000 0000:00:08.0 enp0s8: renamed from eth1
[    6.883013] scsi target2:0:1: Domain Validation skipping write tests
[    6.932921] scsi target2:0:1: Ending Domain Validation
[    6.965330] scsi target2:0:1: asynchronous
[    7.018962] sd 2:0:0:0: Attached scsi generic sg0 type 0
[    7.019136] sd 2:0:0:0: [sda] 20971520 512-byte logical blocks: (10.7 GB/10.0 GiB)
[    7.021652] sd 2:0:1:0: Attached scsi generic sg1 type 0
[    7.025036] sd 2:0:0:0: [sda] Write Protect is off
[    7.059350] sd 2:0:1:0: [sdb] 20480 512-byte logical blocks: (10.5 MB/10.0 MiB)
[    7.110324] sd 2:0:0:0: [sda] Incomplete mode parameter data
[    7.470674] sd 2:0:0:0: [sda] Assuming drive cache: write through
[    7.474161] sd 2:0:1:0: [sdb] Write Protect is off
[    7.478951] sd 2:0:1:0: [sdb] Incomplete mode parameter data
[    7.481341]  sda: sda1
[    7.482698] sd 2:0:1:0: [sdb] Assuming drive cache: write through
[    7.492813] sd 2:0:0:0: [sda] Attached SCSI disk
[    7.506469] sd 2:0:1:0: [sdb] Attached SCSI disk
Begin: Loading essential drivers ... [    9.012193] raid6: sse2x1   gen()  4679 MB/s
[    9.072075] raid6: sse2x1   xor()  6400 MB/s
[    9.132319] raid6: sse2x2   gen() 13669 MB/s
[    9.202287] raid6: sse2x2   xor()  9417 MB/s
[    9.282435] raid6: sse2x4   gen() 14547 MB/s
[    9.364328] raid6: sse2x4   xor()  8061 MB/s
[    9.424391] raid6: avx2x1   gen() 20008 MB/s
[    9.496189] raid6: avx2x1   xor() 13920 MB/s
[    9.572619] raid6: avx2x2   gen() 26441 MB/s
[    9.662344] raid6: avx2x2   xor() 15926 MB/s
[    9.712082] raid6: avx2x4   gen() 27125 MB/s
[    9.780272] raid6: avx2x4   xor() 15831 MB/s
[    9.781897] raid6: using algorithm avx2x4 gen() 27125 MB/s
[    9.783858] raid6: .... xor() 15831 MB/s, rmw enabled
[    9.786090] raid6: using avx2x2 recovery algorithm
[    9.792309] xor: automatically using best checksumming function   avx       
[    9.798666] async_tx: api initialized (async)
done.
Begin: Running /scripts/init-premount ... done.
Begin: Mounting root file system ... Begin: Running /scripts/local-top ... done.
Begin: Running /scripts/local-premount ... [    9.880703] Btrfs loaded, crc32c=crc32c-intel
Scanning for Btrfs filesystems
done.
Warning: fsck no[    9.927637] EXT4-fs (sda1): mounted filesystem with ordered data mode. Opts: (null)
t present, so skipping root file system
done.
Begin: Running /scripts/local-bottom ... done.
Begin: Running /scripts/init-bottom ... done.
[   10.275114] ip_tables: (C) 2000-2006 Netfilter Core Team
[   10.291336] systemd[1]: systemd 237 running in system mode. (+PAM +AUDIT +SELINUX +IMA +APPARMOR +SMACK +SYSVINIT +UTMP +LIBCRYPTSETUP +GCRYPT +GNUTLS +ACL +XZ +LZ4 +SECCOMP +BLKID +ELFUTILS +KMOD -IDN2 +IDN -PCRE2 default-hierarchy=hybrid)
[   10.532297] systemd[1]: Detected virtualization oracle.
[   10.544021] systemd[1]: Detected architecture x86-64.

Welcome to [1mUbuntu 18.04.2 LTS[0m!

[   10.657729] systemd[1]: Set hostname to <ubuntu-bionic>.
[   11.028428] systemd[1]: Reached target User and Group Name Lookups.
[[0;32m  OK  [0m] Reached target User and Group Name Lookups.
[   11.036060] systemd[1]: Created slice System Slice.
[[0;32m  OK  [0m] Created slice System Slice.
[   11.076968] systemd[1]: Listening on Journal Socket (/dev/log).
[[0;32m  OK  [0m] Listening on Journal Socket (/dev/log).
[   11.176146] systemd[1]: Listening on LVM2 metadata daemon socket.
[[0;32m  OK  [0m] Listening on LVM2 metadata daemon socket.
[   11.181704] systemd[1]: Listening on udev Control Socket.
[[0;32m  OK  [0m] Listening on udev Control Socket.
[   11.185742] systemd[1]: Listening on udev Kernel Socket.
[[0;32m  OK  [0m] Listening on udev Kernel Socket.
[[0;32m  OK  [0m] Listening on Journal Socket.
         Mounting Huge Pages File System...
         Starting Create list of required stâ€¦ce nodes for the current kernel...
         Starting udev Coldplug all Devices...
         Starting Uncomplicated firewall...
         Starting Load Kernel Modules...
[[0;32m  OK  [0m] Reached target System Time Synchronized.
[[0;32m  OK  [0m] Listening on Journal Audit Socket.
         Starting Remount Root and Kernel File Systems...
[[0;32m  OK  [0m] Created slice system-serial\x2dgetty.slice.
[[0;32m  OK  [0m] Listening on Network Service Netlink Socket.
[[0;32m  OK  [0m] Listening on LVM2 poll daemon socket.
         Mounting POSIX Message Queue File System...[   11.278526] Loading iSCSI transport class v2.0-870.

[[   11.290874] EXT4-fs (sda1): re-mounted. Opts: (null)
[0;32m  OK  [0m] Listening on Device-mapper event daemon FIFOs.
         Starting Monitoring of LVM2 mirrorsâ€¦ng dmeventd or progress polling...
[[0;32m  OK  [0m] Created slice User and Session Slice.
[   11.310667] iscsi: registered transport (tcp)
[[0;32m  OK  [0m] Reached target Slices.
[[0;32m  OK  [0m] Set up automount Arbitrary Executabâ€¦rmats File System Automount Point.
[[0;32m  OK  [0m] Started Forward Password Requests to Wall Directory Watch.
[   11.347196] iscsi: registered transport (iser)
         Starting Set the console keyboard layout...
         Mounting Kernel Debug File System...
[[0;32m  OK  [0m] Listening on /dev/initctl Compatibility Named Pipe.
[[0;32m  OK  [0m] Reached target Swap.
[[0;32m  OK  [0m] Listening on Syslog Socket.
         Starting Journal Service...
[[0;32m  OK  [0m] Mounted Huge Pages File System.
[[0;32m  OK  [0m] Started Create list of required staâ€¦vice nodes for the current kernel.
[[0;32m  OK  [0m] Started Uncomplicated firewall.
[[0;32m  OK  [0m] Started Load Kernel Modules.
[[0;32m  OK  [0m] Started Remount Root and Kernel File Systems.
[[0;32m  OK  [0m] Started Journal Service.
[[0;32m  OK  [0m] Mounted POSIX Message Queue File System.
[[0;32m  OK  [0m] Started Set the console keyboard layout.
[[0;32m  OK  [0m] Mounted Kernel Debug File System.
[[0;32m  OK  [0m] Started udev Coldplug all Devices.
[[0;32m  OK  [0m] Started LVM2 metadata daemon.
         Starting Flush Journal to Persistent Storage...
         Starting Load/Save Random Seed...
         Mounting Kernel Configuration File System...
         Startin[   11.881350] random: crng init done
g Apply Kernel V[   11.924140] random: 7 urandom warning(s) missed due to ratelimiting
ariables...
         Mounting FUSE Control File System...
         Starting Create Static Device Nodes in /dev...
[[0;32m  OK  [0m] Started Monitoring of LVM2 mirrors,â€¦sing dmeventd or progress polling.
[[0;32m  OK  [0m] Started Load/Save Random Seed.
[[0;32m  OK  [0m] Mounted Kernel Configuration File System.
[[0;32m  OK  [0m] Started Apply Kernel Variables.
[[0;32m  OK  [0m] Mounted FUSE Control File System.
[[0;32m  OK  [0m] Started Create Static Device Nodes in /dev.
         Starting udev Kernel Device Manager...
[[0;32m  OK  [0m] Reached target Local File Systems (Pre).
[[0;32m  OK  [0m] Reached target Local File Systems.
         Starting Set console font and keymap...
         Starting AppArmor initialization...
         Starting ebtables ruleset management...
         Starting Tell Plymouth To Write Out Runtime Data...
[[0;32m  OK  [0m] Started udev Kernel Device Manager.
[[0;32m  OK  [0m] Started Dispatch Password Requests to Console Directory Watch.
[[0;32m  OK  [0m] Reached target Local Encrypted Volumes.
[[0;32m  OK  [0m] Started Set console font and keymap.
[[0;32m  OK  [0m] Started Tell Plymouth To Write Out Runtime Data.
[[0;32m  OK  [0m] Started Flush Journal to Persistent Storage.
         Starting Create Volatile Files and Directories...
[[0;32m  OK  [0m] Started ebtables ruleset management.
[[0;32m  OK  [0m] Started Create Volatile Files and Directories.
         Starting Update UTMP about System Boot/Shutdown...
[[0;32m  OK  [0m] Started Update UTMP about System Boot/Shutdown.
[[0;32m  OK  [0m] Found device /dev/ttyS0.
[[0;32m  OK  [0m] Started AppArmor initialization.
         Starting Initial cloud-init job (pre-networking)...
[[0;32m  OK  [0m] Listening on Load/Save RF Kill Switch Status /dev/rfkill Watch.
[   15.021968] cloud-init[541]: Cloud-init v. 19.1-1-gbaa47854-0ubuntu1~18.04.1 running 'init-local' at Sat, 17 Aug 2019 04:45:02 +0000. Up 14.76 seconds.
[[0;32m  OK  [0m] Started Initial cloud-init job (pre-networking).
[[0;32m  OK  [0m] Reached target Network (Pre).
         Starting Network Service...
[[0;32m  OK  [0m] Started Network Service.
         Starting Wait for Network to be Configured...
         Starting Network Name Resolution...
[[0;32m  OK  [0m] Started Network Name Resolution.
[[0;32m  OK  [0m] Reached target Host and Network Name Lookups.
[[0;32m  OK  [0m] Reached target Network.
[[0;32m  OK  [0m] Started Wait for Network to be Configured.
         Starting Initial cloud-init job (metadata service crawler)...
[   17.558852] cloud-init[720]: Cloud-init v. 19.1-1-gbaa47854-0ubuntu1~18.04.1 running 'init' at Sat, 17 Aug 2019 04:45:05 +0000. Up 17.40 seconds.
[   17.605131] cloud-init[720]: ci-info: ++++++++++++++++++++++++++++++++++++++Net device info+++++++++++++++++++++++++++++++++++++++
[   17.637621] cloud-init[720]: ci-info: +--------+------+-----------------------------+---------------+--------+-------------------+
[   17.653128] cloud-init[720]: ci-info: | Device |  Up  |           Address           |      Mask     | Scope  |     Hw-Address    |
[   17.728282] cloud-init[720]: ci-info: +--------+------+-----------------------------+---------------+--------+-------------------+
[   17.748003] cloud-init[720]: ci-info: | enp0s3 | True |          10.0.2.15          | 255.255.255.0 | global | 02:d3:40:fa:08:af |
[   17.751264] cloud-init[720]: ci-info: | enp0s3 | True |  fe80::d3:40ff:fefa:8af/64  |       .       |  link  | 02:d3:40:fa:08:af |
[   17.754461] cloud-init[720]: ci-info: | enp0s8 | True |        192.168.33.10        | 255.255.255.0 | global | 08:00:27:3b:a8:d2 |
[   17.761130] cloud-init[720]: ci-info: | enp0s8 | True | fe80::a00:27ff:fe3b:a8d2/64 |       .       |  link  | 08:00:27:3b:a8:d2 |
[   17.765249] cloud-init[720]: ci-info: |   lo   | True |          127.0.0.1          |   255.0.0.0   |  host  |         .         |
[   17.769369] cloud-init[720]: ci-info: |   lo   | True |           ::1/128           |       .       |  host  |         .         |
[   17.773338] cloud-init[720]: ci-info: +--------+------+-----------------------------+---------------+--------+-------------------+
[   17.777511] cloud-init[720]: ci-info: +++++++++++++++++++++++++++++Route IPv4 info+++++++++++++++++++++++++++++
[   17.781058] cloud-init[720]: ci-info: +-------+--------------+----------+-----------------+-----------+-------+
[   17.784640] cloud-init[720]: ci-info: | Route | Destination  | Gateway  |     Genmask     | Interface | Flags |
[   17.787278] cloud-init[720]: ci-info: +-------+--------------+----------+-----------------+-----------+-------+
[   17.789933] cloud-init[720]: ci-info: |   0   |   0.0.0.0    | 10.0.2.2 |     0.0.0.0     |   enp0s3  |   UG  |
[   17.792567] cloud-init[720]: ci-info: |   1   |   10.0.2.0   | 0.0.0.0  |  255.255.255.0  |   enp0s3  |   U   |
[   17.795275] cloud-init[720]: ci-info: |   2   |   10.0.2.2   | 0.0.0.0  | 255.255.255.255 |   enp0s3  |   UH  |
[   17.797929] cloud-init[720]: ci-info: |   3   | 192.168.33.0 | 0.0.0.0  |  255.255.255.0  |   enp0s8  |   U   |
[   17.800746] cloud-init[720]: ci-info: +-------+--------------+----------+-----------------+-----------+-------+
[   17.803606] cloud-init[720]: ci-info: +++++++++++++++++++Route IPv6 info+++++++++++++++++++
[   17.816307] cloud-init[720]: ci-info: +-------+-------------+---------+-----------+-------+
[   17.819273] cloud-init[720]: ci-info: | Route | Destination | Gateway | Interface | Flags |
[   17.822224] cloud-init[720]: ci-info: +-------+-------------+---------+-----------+-------+
[   17.825215] cloud-init[720]: ci-info: |   1   |  fe80::/64  |    ::   |   enp0s8  |   U   |
[[0;32m  OK  [0m] Started Initial cloud-init job (metadata service crawler).
[   17.892841] [[0;32m  OK  [0m] Reached target System Initialization.
[[0;32m  OK  [0m] Listening on Open-iSCSI iscsid Socket.
[[0;32m  OK  [0m] Started Daily Cleanup of Temporary Directories.
[[0;32m  OK  [0m] Listening on UUID daemon activation socket.
cloud-init[720]: ci-info: |   2   |  fe80::/64  |    ::   |   enp0s3  |   U   |
[[0;32m  OK  [0m] Started Discard unused blocks once a week.
[   18.015489] cloud-init[720]: ci-info: |   4   |    local    |    ::   |   enp0s3  |   U   |
         Starting LXD - unix socket.
[[0;32m  OK  [0m] Listening on D-Bus System Message Bus Socket.
[[0;32m  OK  [0m] Listening on ACPID Listen Socket.
[   18.024174] cloud-init[720]: ci-info: |   5   |    local    |    ::   |   enp0s8  |   U   |
         Starting Socket activation for snappy daemon.
[   18.047633] cloud-init[720]: ci-info: |   6   |   ff00::/8  |    ::   |   enp0s8  |   U   |
[[0;32m  OK  [0m] Started ACPI Events Check.
[   18.057851] cloud-init[[720]: [0;32m  OK  [0mci-info: |   7   |   ff00::/8  |    ::   |   enp0s3  |   U   |] Started Daily apt download activities.

[[0;32m  OK  [0m] Started Daily apt upgrade and clean activities.
[   18.079098] cloud-init[720]: ci-info: +-------+-------------+---------+-----------+-------+
[[0;32m  OK  [0m] Reached target Paths.
[[0;32m  OK  [0m] Started Message of the Day.
[[0;32m  OK  [0m] Reached target Timers.
[[0;32m  OK  [0m] Reached target Cloud-config availability.
[[0;32m  OK  [0m] Reached target Network is Online.
[[0;32m  OK  [0m] Reached target Remote File Systems (Pre).
[[0;32m  OK  [0m] Reached target Remote File Systems.
         Starting Availability of block devices...
[[0;32m  OK  [0m] Listening on LXD - unix socket.
[[0;32m  OK  [0m] Listening on Socket activation for snappy daemon.
[[0;32m  OK  [0m] Started Availability of block devices.
[[0;32m  OK  [0m] Reached target Sockets.
[[0;32m  OK  [0m] Reached target Basic System.
         Starting Login Service...
         Starting LXD - container startup/shutdown...
         Starting OpenBSD Secure Shell server...
[[0;32m  OK  [0m] Started irqbalance daemon.
         Starting Dispatcher daemon for systemd-networkd...
[[0;32m  OK  [0m] Started Regular background program processing daemon.
[[0;32m  OK  [0m] Started FUSE filesystem for LXC.
         Starting Permit User Sessions...
[[0;32m  OK  [0m] Started D-Bus System Message Bus.
[[0;32m  OK  [0m] Started Login Service.
         Starting Accounts Service...
         Starting vboxadd.service...
         Starting Snappy daemon...
[[0;32m  OK  [0m] Started Deferred execution scheduler.
[[0;32m  OK  [0m] Started Unattended Upgrades Shutdown.
         Starting LSB: Record successful boot for GRUB...
         Starting System Logging Service...
         Starting LSB: automatic crash report generation...
         Starting Message of the Day...
[[0;32m  OK  [0m] Started Permit User Sessions.
         Starting Hold until boot process finishes up...
         Starting Terminate Plymouth Boot Screen...
[[0;32m  OK  [0m] Started OpenBSD Secure Shell server.
[[0;32m  OK  [0m] Started Hold until boot process finishes up.
[[0;32m  OK  [0m] Started Terminate Plymouth Boot Screen.
[[0;32m  OK  [0m] Started Serial Getty on ttyS0.
         Starting Set console scheme...
[[0;32m  OK  [0m] Started LXD - container startup/shutdown.
[[0;32m  OK  [0m] Started System Logging Service.
[[0;32m  OK  [0m] Started Set console scheme.
[[0;32m  OK  [0m] Created slice system-getty.slice.
[[0;32m  OK  [0m] Started Getty on tty1.
[[0;32m  OK  [0m] Reached target Login Prompts.
         Starting Authorization Manager...
[[0;32m  OK  [0m] Started LSB: Record successful boot for GRUB.
[[0;32m  OK  [0m] Started LSB: automatic crash report generation.
[[0;32m  OK  [0m] Started Authorization Manager.
[[0;32m  OK  [0m] Started Accounts Service.
[[0;32m  OK  [0m] Started Snappy daemon.
         Starting Wait until snapd is fully seeded...
[[0;32m  OK  [0m] Started Dispatcher daemon for systemd-networkd.
[[0;32m  OK  [0m] Started Wait until snapd is fully seeded.
         Starting Apply the settings specified in cloud-config...
[[0;32m  OK  [0m] Started vboxadd.service.
         Starting vboxadd-service.service...
[[0;32m  OK  [0m] Started vboxadd-service.service.
[[0;32m  OK  [0m] Reached target Multi-User System.
[[0;32m  OK  [0m] Reached target Graphical Interface.
         Starting Update UTMP about System Runlevel Changes...
[[0;32m  OK  [0m] Started Update UTMP about System Runlevel Changes.
[   20.402302] cloud-init[1186]: Cloud-init v. 19.1-1-gbaa47854-0ubuntu1~18.04.1 running 'modules:config' at Sat, 17 Aug 2019 04:45:08 +0000. Up 20.16 seconds.
[[0;32m  OK  [0m] Started Apply the settings specified in cloud-config.
         Starting Execute cloud user/final scripts...
[[0;32m  OK  [0m] Started Message of the Day.
[   21.017186] cloud-init[1284]: Cloud-init v. 19.1-1-gbaa47854-0ubuntu1~18.04.1 running 'modules:final' at Sat, 17 Aug 2019 04:45:08 +0000. Up 20.89 seconds.
[[   21.072900] cloud-init[1284]: Cloud-init v. 19.1-1-gbaa47854-0ubuntu1~18.04.1 finished at Sat, 17 Aug 2019 04:45:09 +0000. Datasource DataSourceNoCloud [seed=/dev/sdb][dsmode=net].  Up 21.00 seconds
[0;32m  OK  [0m] Started Execute cloud user/final scripts.
[[0;32m  OK  [0m] Reached target Cloud-init target.

Ubuntu 18.04.2 LTS ubuntu-bionic ttyS0

ubuntu-bionic login: 